<html>
<body>
<pre>
<h1>礦ision Build Log</h1>
<h2>Tool Versions:</h2>
IDE-Version: μVision V5.41.0.0
Copyright (C) 2024 ARM Ltd and ARM Germany GmbH. All rights reserved.
License Information: 1 admin, 1, LIC=NQQMA-1MA8L-QDHKD-8HD5D-10VQT-NCN3K
 
Tool Versions:
Toolchain:       MDK-ARM Plus  Version: 5.41.0.0
Toolchain Path:  C:\Users\admin\AppData\Local\Keil_v5\ARM\ARMCLANG\Bin
C Compiler:      ArmClang.exe V6.22
Assembler:       Armasm.exe V6.22
Linker/Locator:  ArmLink.exe V6.22
Library Manager: ArmAr.exe V6.22
Hex Converter:   FromElf.exe V6.22
CPU DLL:         SARMCM3.DLL V5.41.0.0
Dialog DLL:      DCM.DLL V1.17.5.0
Target DLL:      Segger\JL2CM3.dll V2.99.45.0
Dialog DLL:      TCM.DLL V1.56.4.0
 
<h2>Project:</h2>
D:\26rm\26_Hero\hero - 副本 - 副本\Hero_chassis\MDK-ARM\Hero.uvprojx
Project File Date:  10/01/2025

<h2>Output:</h2>
*** Using Compiler 'V6.22', folder: 'C:\Users\admin\AppData\Local\Keil_v5\ARM\ARMCLANG\Bin'
Build target 'Hero'
Note: source file '..\Module\Com_System\Queue.c' - object file renamed from 'Hero\Queue.o' to 'Hero\queue_1.o'.
compiling freertos.c...
compiling can.c...
compiling gpio.c...
compiling crc.c...
compiling i2c.c...
compiling main.c...
compiling dma.c...
compiling spi.c...
compiling usart.c...
compiling tim.c...
compiling stm32f4xx_hal_flash_ramfunc.c...
compiling stm32f4xx_it.c...
compiling stm32f4xx_hal_gpio.c...
compiling stm32f4xx_hal_dma_ex.c...
compiling stm32f4xx_hal_msp.c...
compiling stm32f4xx_hal_flash.c...
compiling stm32f4xx_hal_timebase_tim.c...
compiling usb_otg.c...
compiling stm32f4xx_hal_rcc_ex.c...
compiling stm32f4xx_hal_flash_ex.c...
compiling stm32f4xx_hal_can.c...
compiling stm32f4xx_hal_rcc.c...
compiling stm32f4xx_hal_dma.c...
compiling stm32f4xx_hal_tim_ex.c...
compiling stm32f4xx_hal_pwr.c...
compiling stm32f4xx_hal_pwr_ex.c...
compiling stm32f4xx_hal_tim.c...
compiling stm32f4xx_hal.c...
compiling stm32f4xx_hal_crc.c...
compiling stm32f4xx_hal_exti.c...
compiling stm32f4xx_hal_cortex.c...
compiling stm32f4xx_hal_i2c_ex.c...
compiling stm32f4xx_hal_spi.c...
compiling stm32f4xx_hal_pcd_ex.c...
compiling stm32f4xx_hal_pcd.c...
compiling croutine.c...
compiling system_stm32f4xx.c...
compiling stm32f4xx_hal_uart.c...
compiling stm32f4xx_ll_usb.c...
compiling event_groups.c...
compiling stm32f4xx_hal_i2c.c...
compiling list.c...
compiling timers.c...
compiling stream_buffer.c...
compiling queue.c...
compiling heap_4.c...
compiling cmsis_os.c...
compiling tasks.c...
compiling port.c...
compiling Chassis_task.c...
compiling chassis_fun.c...
compiling SEGGER_RTT_printf.c...
compiling SEGGER_RTT.c...
compiling alg_crc.c...
compiling bsp_log.c...
compiling bsp_uart.c...
compiling bsp_can.c...
compiling bsp_fdcan.c...
compiling alg_pid.c...
compiling music_sheet.c...
compiling Com_System.c...
compiling alg_chassis_calc.c...
compiling bsp_buzzer.c...
compiling Queue.c...
compiling dev_remote_control.c...
compiling dev_motor_dji.c...
compiling dev_motor_dm.c...
linking...
Program Size: Code=52320 RO-data=2116 RW-data=1036 ZI-data=22196  
FromELF: creating hex file...
"Hero\Hero.axf" - 0 Error(s), 0 Warning(s).

<h2>Software Packages used:</h2>

Package Vendor: ARM
                https://www.keil.com/pack/ARM.CMSIS.6.1.0.pack
                ARM::CMSIS@6.1.0
                CMSIS (Common Microcontroller Software Interface Standard)
   * Component: CORE Version: 6.1.0

Package Vendor: Keil
                https://www.keil.com/pack/Keil.STM32F4xx_DFP.3.0.0.pack
                Keil::STM32F4xx_DFP@3.0.0
                STMicroelectronics STM32F4 Series Device Support

<h2>Collection of Component include folders:</h2>
  ./RTE/_Hero
  C:/Users/admin/AppData/Local/Arm/Packs/ARM/CMSIS/6.1.0/CMSIS/Core/Include

<h2>Collection of Component Files used:</h2>

   * Component: ARM::CMSIS:CORE@6.1.0
      Include file:  CMSIS/Core/Include/tz_context.h
Build Time Elapsed:  00:00:03
</pre>
</body>
</html>
