Component: Arm Compiler for Embedded 6.22 Tool: armlink [5ee90200]

==============================================================================

Section Cross References

    startup_stm32f407xx.o(RESET) refers to startup_stm32f407xx.o(STACK) for __initial_sp
    startup_stm32f407xx.o(RESET) refers to startup_stm32f407xx.o(.text) for Reset_Handler
    startup_stm32f407xx.o(RESET) refers to stm32f4xx_it.o(.text.NMI_Handler) for NMI_Handler
    startup_stm32f407xx.o(RESET) refers to stm32f4xx_it.o(.text.HardFault_Handler) for HardFault_Handler
    startup_stm32f407xx.o(RESET) refers to stm32f4xx_it.o(.text.MemManage_Handler) for MemManage_Handler
    startup_stm32f407xx.o(RESET) refers to stm32f4xx_it.o(.text.BusFault_Handler) for BusFault_Handler
    startup_stm32f407xx.o(RESET) refers to stm32f4xx_it.o(.text.UsageFault_Handler) for UsageFault_Handler
    startup_stm32f407xx.o(RESET) refers to port.o(.text.SVC_Handler) for SVC_Handler
    startup_stm32f407xx.o(RESET) refers to stm32f4xx_it.o(.text.DebugMon_Handler) for DebugMon_Handler
    startup_stm32f407xx.o(RESET) refers to port.o(.text.PendSV_Handler) for PendSV_Handler
    startup_stm32f407xx.o(RESET) refers to port.o(.text.SysTick_Handler) for SysTick_Handler
    startup_stm32f407xx.o(RESET) refers to stm32f4xx_it.o(.text.EXTI0_IRQHandler) for EXTI0_IRQHandler
    startup_stm32f407xx.o(RESET) refers to stm32f4xx_it.o(.text.EXTI1_IRQHandler) for EXTI1_IRQHandler
    startup_stm32f407xx.o(RESET) refers to stm32f4xx_it.o(.text.EXTI3_IRQHandler) for EXTI3_IRQHandler
    startup_stm32f407xx.o(RESET) refers to stm32f4xx_it.o(.text.EXTI4_IRQHandler) for EXTI4_IRQHandler
    startup_stm32f407xx.o(RESET) refers to stm32f4xx_it.o(.text.DMA1_Stream1_IRQHandler) for DMA1_Stream1_IRQHandler
    startup_stm32f407xx.o(RESET) refers to stm32f4xx_it.o(.text.CAN1_RX0_IRQHandler) for CAN1_RX0_IRQHandler
    startup_stm32f407xx.o(RESET) refers to stm32f4xx_it.o(.text.EXTI9_5_IRQHandler) for EXTI9_5_IRQHandler
    startup_stm32f407xx.o(RESET) refers to stm32f4xx_it.o(.text.TIM4_IRQHandler) for TIM4_IRQHandler
    startup_stm32f407xx.o(RESET) refers to stm32f4xx_it.o(.text.USART1_IRQHandler) for USART1_IRQHandler
    startup_stm32f407xx.o(RESET) refers to stm32f4xx_it.o(.text.USART3_IRQHandler) for USART3_IRQHandler
    startup_stm32f407xx.o(RESET) refers to stm32f4xx_it.o(.text.TIM8_BRK_TIM12_IRQHandler) for TIM8_BRK_TIM12_IRQHandler
    startup_stm32f407xx.o(RESET) refers to stm32f4xx_it.o(.text.DMA2_Stream1_IRQHandler) for DMA2_Stream1_IRQHandler
    startup_stm32f407xx.o(RESET) refers to imu_task.o(.text.DMA2_Stream2_IRQHandler) for DMA2_Stream2_IRQHandler
    startup_stm32f407xx.o(RESET) refers to stm32f4xx_it.o(.text.DMA2_Stream3_IRQHandler) for DMA2_Stream3_IRQHandler
    startup_stm32f407xx.o(RESET) refers to stm32f4xx_it.o(.text.CAN2_RX1_IRQHandler) for CAN2_RX1_IRQHandler
    startup_stm32f407xx.o(RESET) refers to stm32f4xx_it.o(.text.OTG_FS_IRQHandler) for OTG_FS_IRQHandler
    startup_stm32f407xx.o(RESET) refers to stm32f4xx_it.o(.text.DMA2_Stream5_IRQHandler) for DMA2_Stream5_IRQHandler
    startup_stm32f407xx.o(RESET) refers to stm32f4xx_it.o(.text.DMA2_Stream6_IRQHandler) for DMA2_Stream6_IRQHandler
    startup_stm32f407xx.o(RESET) refers to stm32f4xx_it.o(.text.DMA2_Stream7_IRQHandler) for DMA2_Stream7_IRQHandler
    startup_stm32f407xx.o(RESET) refers to stm32f4xx_it.o(.text.USART6_IRQHandler) for USART6_IRQHandler
    startup_stm32f407xx.o(.text) refers to system_stm32f4xx.o(.text.SystemInit) for SystemInit
    startup_stm32f407xx.o(.text) refers to entry.o(.ARM.Collect$$$$00000000) for __main
    main.o(.text.main) refers to stm32f4xx_hal.o(.text.HAL_Init) for HAL_Init
    main.o(.text.main) refers to main.o(.text.SystemClock_Config) for SystemClock_Config
    main.o(.text.main) refers to gpio.o(.text.MX_GPIO_Init) for MX_GPIO_Init
    main.o(.text.main) refers to dma.o(.text.MX_DMA_Init) for MX_DMA_Init
    main.o(.text.main) refers to can.o(.text.MX_CAN1_Init) for MX_CAN1_Init
    main.o(.text.main) refers to can.o(.text.MX_CAN2_Init) for MX_CAN2_Init
    main.o(.text.main) refers to usart.o(.text.MX_USART3_UART_Init) for MX_USART3_UART_Init
    main.o(.text.main) refers to tim.o(.text.MX_TIM1_Init) for MX_TIM1_Init
    main.o(.text.main) refers to usart.o(.text.MX_USART6_UART_Init) for MX_USART6_UART_Init
    main.o(.text.main) refers to tim.o(.text.MX_TIM4_Init) for MX_TIM4_Init
    main.o(.text.main) refers to spi.o(.text.MX_SPI1_Init) for MX_SPI1_Init
    main.o(.text.main) refers to usart.o(.text.MX_USART1_UART_Init) for MX_USART1_UART_Init
    main.o(.text.main) refers to i2c.o(.text.MX_I2C3_Init) for MX_I2C3_Init
    main.o(.text.main) refers to tim.o(.text.MX_TIM5_Init) for MX_TIM5_Init
    main.o(.text.main) refers to tim.o(.text.MX_TIM10_Init) for MX_TIM10_Init
    main.o(.text.main) refers to freertos.o(.text.MX_FREERTOS_Init) for MX_FREERTOS_Init
    main.o(.text.main) refers to cmsis_os.o(.text.osKernelStart) for osKernelStart
[...]
    hdma_spi1_tx                             0x200022a8   Data          96  spi.o(.bss.hdma_spi1_tx)
    hdma_usart1_rx                           0x20002308   Data          96  usart.o(.bss.hdma_usart1_rx)
    hdma_usart1_tx                           0x20002368   Data          96  usart.o(.bss.hdma_usart1_tx)
    hdma_usart3_rx                           0x200023c8   Data          96  usart.o(.bss.hdma_usart3_rx)
    hdma_usart6_rx                           0x20002428   Data          96  usart.o(.bss.hdma_usart6_rx)
    hdma_usart6_tx                           0x20002488   Data          96  usart.o(.bss.hdma_usart6_tx)
    hi2c3                                    0x200024e8   Data          84  i2c.o(.bss.hi2c3)
    hpcd_USB_OTG_FS                          0x2000253c   Data        1252  usbd_conf.o(.bss.hpcd_USB_OTG_FS)
    hspi1                                    0x20002a20   Data          88  spi.o(.bss.hspi1)
    htim1                                    0x20002a78   Data          72  tim.o(.bss.htim1)
    htim10                                   0x20002ac0   Data          72  tim.o(.bss.htim10)
    htim12                                   0x20002b08   Data          72  stm32f4xx_hal_timebase_tim.o(.bss.htim12)
    htim4                                    0x20002b50   Data          72  tim.o(.bss.htim4)
    htim5                                    0x20002b98   Data          72  tim.o(.bss.htim5)
    huart1                                   0x20002be0   Data          72  usart.o(.bss.huart1)
    huart3                                   0x20002c28   Data          72  usart.o(.bss.huart3)
    huart6                                   0x20002c70   Data          72  usart.o(.bss.huart6)
    imu_angle_rad                            0x20002cbc   Data           8  gimbal_fun.o(.bss.imu_angle_rad)
    imu_init_finish_flag                     0x20002cc4   Data           1  imu_task.o(.bss.imu_init_finish_flag)
    imu_start_dma_flag                       0x20002cc5   Data           1  imu_task.o(.bss.imu_start_dma_flag)
    imu_temp_pid                             0x20002cc8   Data          52  imu_task.o(.bss.imu_temp_pid)
    insHandle                                0x20002cfc   Data           4  freertos.o(.bss.insHandle)
    integralFBx                              0x20002d00   Data           4  mahonyahrs.o(.bss.integralFBx)
    integralFBy                              0x20002d04   Data           4  mahonyahrs.o(.bss.integralFBy)
    integralFBz                              0x20002d08   Data           4  mahonyahrs.o(.bss.integralFBz)
    ist8310_real_data                        0x20002d0c   Data          16  imu_task.o(.bss.ist8310_real_data)
    mag_offset                               0x20002d1c   Data          12  imu_task.o(.bss.mag_offset)
    mag_update_flag                          0x20002d28   Data           1  imu_task.o(.bss.mag_update_flag)
    miniPC_ins                               0x20002d2c   Data           4  gimbal_fun.o(.bss.miniPC_ins)
    minipc_instances                         0x20002d30   Data          32  dev_minipc.o(.bss.minipc_instances)
    myTask01Handle                           0x20002d80   Data           4  freertos.o(.bss.myTask01Handle)
    norm_aim_mode                            0x20002d84   Data           4  gimbal_task.o(.bss.norm_aim_mode)
    pitch_angle                              0x20002d8c   Data           4  gimbal_task.o(.bss.pitch_angle)
    pxCurrentTCB                             0x20002e54   Data           4  tasks.o(.bss.pxCurrentTCB)
    rammer_angle                             0x20002ef8   Data           4  gimbal_task.o(.bss.rammer_angle)
    rammer_motor                             0x20002efc   Data           4  gimbal_fun.o(.bss.rammer_motor)
    rammer_speed                             0x20002f00   Data           4  gimbal_task.o(.bss.rammer_speed)
    rc                                       0x20002f04   Data           4  gimbal_fun.o(.bss.rc)
    shoot_mode                               0x20002f08   Data           4  gimbal_task.o(.bss.shoot_mode)
    shoot_motor1                             0x20002f0c   Data           4  gimbal_fun.o(.bss.shoot_motor1)
    shoot_motor2                             0x20002f10   Data           4  gimbal_fun.o(.bss.shoot_motor2)
    shoot_single_flag                        0x20002f14   Data           4  gimbal_task.o(.bss.shoot_single_flag)
    testHandle                               0x20002f18   Data           4  freertos.o(.bss.testHandle)
    twoKi                                    0x20002f1c   Data           4  mahonyahrs.o(.bss.twoKi)
    usb_rx_ring_buffer                       0x20006b40   Data          38  dev_minipc.o(.bss.usb_rx_ring_buffer)
    uwTick                                   0x20006b68   Data           4  stm32f4xx_hal.o(.bss.uwTick)
    xQueueRegistry                           0x20006e5c   Data          64  queue.o(.bss.xQueueRegistry)
    yaw_angle                                0x20007334   Data           4  gimbal_task.o(.bss.yaw_angle)
    yaw_motor                                0x20007338   Data           4  gimbal_fun.o(.bss.yaw_motor)
    yaw_offset                               0x2000733c   Data           4  imu_task.o(.bss.yaw_offset)
    __initial_sp                             0x20007740   Data           0  startup_stm32f407xx.o(STACK)



==============================================================================

Memory Map of the image

  Image Entry point : 0x08000189

  Load Region LR_IROM1 (Base: 0x08000000, Size: 0x0000f2b0, Max: 0x00100000, ABSOLUTE, COMPRESSED[0x0000eff0])

    Execution Region ER_IROM1 (Exec base: 0x08000000, Load base: 0x08000000, Size: 0x0000ee24, Max: 0x00100000, ABSOLUTE)

    Exec Addr    Load Addr    Size         Type   Attr      Idx    E Section Name        Object

    0x08000000   0x08000000   0x00000188   Data   RO            3    RESET               startup_stm32f407xx.o
    0x08000188   0x08000188   0x00000000   Code   RO         3011  * .ARM.Collect$$$$00000000  mc_w.l(entry.o)
    0x08000188   0x08000188   0x00000004   Code   RO         3056    .ARM.Collect$$$$00000001  mc_w.l(entry2.o)
    0x0800018c   0x0800018c   0x00000004   Code   RO         3059    .ARM.Collect$$$$00000004  mc_w.l(entry5.o)
    0x08000190   0x08000190   0x00000000   Code   RO         3061    .ARM.Collect$$$$00000008  mc_w.l(entry7b.o)
    0x08000190   0x08000190   0x00000000   Code   RO         3063    .ARM.Collect$$$$0000000A  mc_w.l(entry8b.o)
    0x08000190   0x08000190   0x00000008   Code   RO         3064    .ARM.Collect$$$$0000000B  mc_w.l(entry9a.o)
    0x08000198   0x08000198   0x00000000   Code   RO         3066    .ARM.Collect$$$$0000000D  mc_w.l(entry10a.o)
    0x08000198   0x08000198   0x00000000   Code   RO         3068    .ARM.Collect$$$$0000000F  mc_w.l(entry11a.o)
    0x08000198   0x08000198   0x00000004   Code   RO         3057    .ARM.Collect$$$$00002712  mc_w.l(entry2.o)
    0x0800019c   0x0800019c   0x00000024   Code   RO            4    .text               startup_stm32f407xx.o
    0x080001c0   0x080001c0   0x00000062   Code   RO         3014    .text               mc_w.l(uldiv.o)
    0x08000222   0x08000222   0x00000024   Code   RO         3016    .text               mc_w.l(memcpya.o)
    0x08000246   0x08000246   0x00000024   Code   RO         3018    .text               mc_w.l(memseta.o)
    0x0800026a   0x0800026a   0x0000000e   Code   RO         3020    .text               mc_w.l(strlen.o)
    0x08000278   0x08000278   0x0000014e   Code   RO         3024    .text               mf_w.l(dadd.o)
    0x080003c6   0x080003c6   0x000000e4   Code   RO         3026    .text               mf_w.l(dmul.o)
    0x080004aa   0x080004aa   0x000000de   Code   RO         3028    .text               mf_w.l(ddiv.o)
    0x08000588   0x08000588   0x00000036   Code   RO         3030    .text               mf_w.l(dcmple.o)
    0x080005be   0x080005be   0x00000036   Code   RO         3032    .text               mf_w.l(dcmpge.o)
    0x080005f4   0x080005f4   0x00000022   Code   RO         3034    .text               mf_w.l(dflti.o)
    0x08000616   0x08000616   0x00000026   Code   RO         3036    .text               mf_w.l(f2d.o)
    0x0800063c   0x0800063c   0x00000038   Code   RO         3038    .text               mf_w.l(d2f.o)
    0x08000674   0x08000674   0x0000001e   Code   RO         3070    .text               mc_w.l(llshl.o)
    0x08000692   0x08000692   0x00000020   Code   RO         3072    .text               mc_w.l(llushr.o)
    0x080006b2   0x080006b2   0x00000024   Code   RO         3074    .text               mc_w.l(llsshr.o)
    0x080006d6   0x080006d6   0x00000000   Code   RO         3083    .text               mc_w.l(iusefp.o)
    0x080006d6   0x080006d6   0x0000006e   Code   RO         3084    .text               mf_w.l(fepilogue.o)
    0x08000744   0x08000744   0x000000ba   Code   RO         3086    .text               mf_w.l(depilogue.o)
    0x080007fe   0x080007fe   0x00000002   PAD
    0x08000800   0x08000800   0x00000088   Code   RO         3088    .text               mf_w.l(drnd.o)
    0x08000888   0x08000888   0x00000030   Code   RO         3090    .text               mf_w.l(cdcmple.o)
    0x080008b8   0x080008b8   0x00000030   Code   RO         3092    .text               mf_w.l(cdrcmple.o)
    0x080008e8   0x080008e8   0x00000030   Code   RO         3094    .text               mc_w.l(init.o)
    0x08000918   0x08000918   0x00000056   Code   RO         3104    .text               mc_w.l(__dczerorl2.o)
    0x0800096e   0x0800096e   0x00000002   PAD
    0x08000970   0x08000970   0x0000000e   Code   RO         2507    .text.BMI088_ACCEL_NS_H  bmi088middleware.o
    0x0800097e   0x0800097e   0x00000002   PAD
    0x08000980   0x08000980   0x0000000e   Code   RO         2505    .text.BMI088_ACCEL_NS_L  bmi088middleware.o
    0x0800098e   0x0800098e   0x00000002   PAD
    0x08000990   0x08000990   0x00000002   Code   RO         2497    .text.BMI088_GPIO_init  bmi088middleware.o
    0x08000992   0x08000992   0x00000002   PAD
    0x08000994   0x08000994   0x00000010   Code   RO         2511    .text.BMI088_GYRO_NS_H  bmi088middleware.o
    0x080009a4   0x080009a4   0x00000010   Code   RO         2509    .text.BMI088_GYRO_NS_L  bmi088middleware.o
    0x080009b4   0x080009b4   0x00000074   Code   RO         2470    .text.BMI088_accel_read_over  bmi088driver.o
    0x08000a28   0x08000a28   0x00000002   Code   RO         2499    .text.BMI088_com_init  bmi088middleware.o
    0x08000a2a   0x08000a2a   0x00000002   PAD
    0x08000a2c   0x08000a2c   0x00000004   Code   RO         2501    .text.BMI088_delay_ms  bmi088middleware.o
    0x08000a30   0x08000a30   0x00000006   Code   RO         2503    .text.BMI088_delay_us  bmi088middleware.o
    0x08000a36   0x08000a36   0x00000002   PAD
    0x08000a38   0x08000a38   0x0000004e   Code   RO         2472    .text.BMI088_gyro_read_over  bmi088driver.o
    0x08000a86   0x08000a86   0x00000002   PAD
    0x08000a88   0x08000a88   0x00000030   Code   RO         2454    .text.BMI088_init   bmi088driver.o
    0x08000ab8   0x08000ab8   0x0000016e   Code   RO         2474    .text.BMI088_read   bmi088driver.o
    0x08000c26   0x08000c26   0x00000002   PAD
    0x08000c28   0x08000c28   0x0000002e   Code   RO         2513    .text.BMI088_read_write_byte  bmi088middleware.o
    0x08000c56   0x08000c56   0x00000002   PAD
    0x08000c58   0x08000c58   0x0000003c   Code   RO         2468    .text.BMI088_temperature_read_over  bmi088driver.o
    0x08000c94   0x08000c94   0x00000002   Code   RO          183    .text.BusFault_Handler  stm32f4xx_it.o
    0x08000c96   0x08000c96   0x00000002   PAD
    0x08000c98   0x08000c98   0x0000000c   Code   RO          199    .text.CAN1_RX0_IRQHandler  stm32f4xx_it.o
    0x08000ca4   0x08000ca4   0x0000000c   Code   RO          215    .text.CAN2_RX1_IRQHandler  stm32f4xx_it.o
    0x08000cb0   0x08000cb0   0x00000004   Code   RO         2750    .text.CDC_Control_FS  usbd_cdc_if.o
    0x08000cb4   0x08000cb4   0x00000004   Code   RO         2748    .text.CDC_DeInit_FS  usbd_cdc_if.o
    0x08000cb8   0x08000cb8   0x0000002c   Code   RO         2746    .text.CDC_Init_FS   usbd_cdc_if.o
    0x08000ce4   0x08000ce4   0x00000034   Code   RO         2752    .text.CDC_Receive_FS  usbd_cdc_if.o
    0x08000d18   0x08000d18   0x00000004   Code   RO         2754    .text.CDC_TransmitCplt_FS  usbd_cdc_if.o
    0x08000d1c   0x08000d1c   0x00000036   Code   RO         2756    .text.CDC_Transmit_FS  usbd_cdc_if.o
    0x08000d52   0x08000d52   0x00000002   PAD
    0x08000d54   0x08000d54   0x000005bc   Code   RO         2149    .text.Can_Register  bsp_can.o
    0x08001310   0x08001310   0x0000002c   Code   RO         2153    .text.Can_Transmit  bsp_can.o
    0x0800133c   0x0800133c   0x0000000c   Code   RO          197    .text.DMA1_Stream1_IRQHandler  stm32f4xx_it.o
    0x08001348   0x08001348   0x0000000c   Code   RO          211    .text.DMA2_Stream1_IRQHandler  stm32f4xx_it.o
    0x08001354   0x08001354   0x000002b6   Code   RO         2561    .text.DMA2_Stream2_IRQHandler  imu_task.o
    0x0800160a   0x0800160a   0x00000002   PAD
    0x0800160c   0x0800160c   0x0000000c   Code   RO          213    .text.DMA2_Stream3_IRQHandler  stm32f4xx_it.o
    0x08001618   0x08001618   0x0000000c   Code   RO          219    .text.DMA2_Stream5_IRQHandler  stm32f4xx_it.o
    0x08001624   0x08001624   0x0000000c   Code   RO          221    .text.DMA2_Stream6_IRQHandler  stm32f4xx_it.o
    0x08001630   0x08001630   0x0000000c   Code   RO          223    .text.DMA2_Stream7_IRQHandler  stm32f4xx_it.o
    0x0800163c   0x0800163c   0x00000200   Code   RO         2361    .text.Data_Processing  dev_minipc.o
    0x0800183c   0x0800183c   0x00000002   Code   RO          187    .text.DebugMon_Handler  stm32f4xx_it.o
    0x0800183e   0x0800183e   0x00000002   PAD
    0x08001840   0x08001840   0x0000012e   Code   RO         2195    .text.Dr16_Receive  dev_remote_control.o
    0x0800196e   0x0800196e   0x00000002   PAD
    0x08001970   0x08001970   0x00000060   Code   RO         2193    .text.Dr16_Register  dev_remote_control.o
    0x080019d0   0x080019d0   0x00000006   Code   RO          189    .text.EXTI0_IRQHandler  stm32f4xx_it.o
    0x080019d6   0x080019d6   0x00000002   PAD
    0x080019d8   0x080019d8   0x00000006   Code   RO          191    .text.EXTI1_IRQHandler  stm32f4xx_it.o
    0x080019de   0x080019de   0x00000002   PAD
    0x080019e0   0x080019e0   0x00000006   Code   RO          193    .text.EXTI3_IRQHandler  stm32f4xx_it.o
    0x080019e6   0x080019e6   0x00000002   PAD
    0x080019e8   0x080019e8   0x00000006   Code   RO          195    .text.EXTI4_IRQHandler  stm32f4xx_it.o
    0x080019ee   0x080019ee   0x00000002   PAD
    0x080019f0   0x080019f0   0x00000006   Code   RO          201    .text.EXTI9_5_IRQHandler  stm32f4xx_it.o
    0x080019f6   0x080019f6   0x00000002   PAD
    0x080019f8   0x080019f8   0x00000006   Code   RO           15    .text.Error_Handler  main.o
    0x080019fe   0x080019fe   0x00000002   PAD
    0x08001a00   0x08001a00   0x000000f4   Code   RO         2426    .text.Gimbal_Init   gimbal_fun.o
    0x08001af4   0x08001af4   0x00000004   PAD
    0x08001af8   0x08001af8   0x000007c0   Code   RO         2405    .text.Gimbal_task   gimbal_task.o
    0x080022b8   0x080022b8   0x00000026   Code   RO         1195    .text.HAL_CAN_ActivateNotification  stm32f4xx_hal_can.o
    0x080022de   0x080022de   0x00000002   PAD
    0x080022e0   0x080022e0   0x00000094   Code   RO         1181    .text.HAL_CAN_AddTxMessage  stm32f4xx_hal_can.o
    0x08002374   0x08002374   0x000000de   Code   RO         1171    .text.HAL_CAN_ConfigFilter  stm32f4xx_hal_can.o
    0x08002452   0x08002452   0x00000002   PAD
    0x08002454   0x08002454   0x00000002   Code   RO         1225    .text.HAL_CAN_ErrorCallback  stm32f4xx_hal_can.o
    0x08002456   0x08002456   0x00000002   PAD
    0x08002458   0x08002458   0x00000020   Code   RO         1193    .text.HAL_CAN_GetRxFifoFillLevel  stm32f4xx_hal_can.o
    0x08002478   0x08002478   0x0000011c   Code   RO         1191    .text.HAL_CAN_GetRxMessage  stm32f4xx_hal_can.o
    0x08002594   0x08002594   0x00000028   Code   RO         1185    .text.HAL_CAN_GetTxMailboxesFreeLevel  stm32f4xx_hal_can.o
    0x080025bc   0x080025bc   0x00000242   Code   RO         1199    .text.HAL_CAN_IRQHandler  stm32f4xx_hal_can.o
    0x080027fe   0x080027fe   0x00000002   PAD
    0x08002800   0x08002800   0x000000f4   Code   RO         1161    .text.HAL_CAN_Init  stm32f4xx_hal_can.o
    0x080028f4   0x080028f4   0x0000011c   Code   RO           69    .text.HAL_CAN_MspInit  can.o
    0x08002a10   0x08002a10   0x00000002   Code   RO         1213    .text.HAL_CAN_RxFifo0FullCallback  stm32f4xx_hal_can.o
    0x08002a12   0x08002a12   0x00000002   PAD
    0x08002a14   0x08002a14   0x00000164   Code   RO         2155    .text.HAL_CAN_RxFifo0MsgPendingCallback  bsp_can.o
    0x08002b78   0x08002b78   0x00000002   Code   RO         1217    .text.HAL_CAN_RxFifo1FullCallback  stm32f4xx_hal_can.o
    0x08002b7a   0x08002b7a   0x00000002   PAD
    0x08002b7c   0x08002b7c   0x00000164   Code   RO         2157    .text.HAL_CAN_RxFifo1MsgPendingCallback  bsp_can.o
    0x08002ce0   0x08002ce0   0x00000002   Code   RO         1221    .text.HAL_CAN_SleepCallback  stm32f4xx_hal_can.o
    0x08002ce2   0x08002ce2   0x00000002   PAD
    0x08002ce4   0x08002ce4   0x0000005a   Code   RO         1173    .text.HAL_CAN_Start  stm32f4xx_hal_can.o
    0x08002d3e   0x08002d3e   0x00000002   PAD
    0x08002d40   0x08002d40   0x00000002   Code   RO         1203    .text.HAL_CAN_TxMailbox0AbortCallback  stm32f4xx_hal_can.o
    0x08002d42   0x08002d42   0x00000002   PAD
    0x08002d44   0x08002d44   0x00000002   Code   RO         1201    .text.HAL_CAN_TxMailbox0CompleteCallback  stm32f4xx_hal_can.o
    0x08002d46   0x08002d46   0x00000002   PAD
    0x08002d48   0x08002d48   0x00000002   Code   RO         1207    .text.HAL_CAN_TxMailbox1AbortCallback  stm32f4xx_hal_can.o
    0x08002d4a   0x08002d4a   0x00000002   PAD
    0x08002d4c   0x08002d4c   0x00000002   Code   RO         1205    .text.HAL_CAN_TxMailbox1CompleteCallback  stm32f4xx_hal_can.o
    0x08002d4e   0x08002d4e   0x00000002   PAD
    0x08002d50   0x08002d50   0x00000002   Code   RO         1211    .text.HAL_CAN_TxMailbox2AbortCallback  stm32f4xx_hal_can.o
    0x08002d52   0x08002d52   0x00000002   PAD
    0x08002d54   0x08002d54   0x00000002   Code   RO         1209    .text.HAL_CAN_TxMailbox2CompleteCallback  stm32f4xx_hal_can.o
    0x08002d56   0x08002d56   0x00000002   PAD
    0x08002d58   0x08002d58   0x00000002   Code   RO         1223    .text.HAL_CAN_WakeUpFromRxMsgCallback  stm32f4xx_hal_can.o
    0x08002d5a   0x08002d5a   0x00000002   PAD
    0x08002d5c   0x08002d5c   0x00000080   Code   RO          931    .text.HAL_DMA_Abort  stm32f4xx_hal_dma.o
    0x08002ddc   0x08002ddc   0x00000024   Code   RO          933    .text.HAL_DMA_Abort_IT  stm32f4xx_hal_dma.o
    0x08002e00   0x08002e00   0x00000188   Code   RO          937    .text.HAL_DMA_IRQHandler  stm32f4xx_hal_dma.o
    0x08002f88   0x08002f88   0x0000013e   Code   RO          923    .text.HAL_DMA_Init  stm32f4xx_hal_dma.o
    0x080030c6   0x080030c6   0x00000002   PAD
    0x080030c8   0x080030c8   0x000000a0   Code   RO          929    .text.HAL_DMA_Start_IT  stm32f4xx_hal_dma.o
    0x08003168   0x08003168   0x00000028   Code   RO         1090    .text.HAL_Delay     stm32f4xx_hal.o
    0x08003190   0x08003190   0x00000102   Code   RO         2557    .text.HAL_GPIO_EXTI_Callback  imu_task.o
    0x08003292   0x08003292   0x00000002   PAD
    0x08003294   0x08003294   0x00000016   Code   RO          897    .text.HAL_GPIO_EXTI_IRQHandler  stm32f4xx_hal_gpio.o
    0x080032aa   0x080032aa   0x00000002   PAD
    0x080032ac   0x080032ac   0x00000194   Code   RO          885    .text.HAL_GPIO_Init  stm32f4xx_hal_gpio.o
    0x08003440   0x08003440   0x0000000a   Code   RO          891    .text.HAL_GPIO_WritePin  stm32f4xx_hal_gpio.o
    0x0800344a   0x0800344a   0x00000002   PAD
    0x0800344c   0x0800344c   0x0000000c   Code   RO         1082    .text.HAL_GetTick   stm32f4xx_hal.o
    0x08003458   0x08003458   0x00000170   Code   RO         1241    .text.HAL_I2C_Init  stm32f4xx_hal_i2c.o
    0x080035c8   0x080035c8   0x000000b2   Code   RO           95    .text.HAL_I2C_MspInit  i2c.o
    0x0800367a   0x0800367a   0x00000002   PAD
    0x0800367c   0x0800367c   0x0000001a   Code   RO         1080    .text.HAL_IncTick   stm32f4xx_hal.o
    0x08003696   0x08003696   0x00000002   PAD
    0x08003698   0x08003698   0x00000036   Code   RO         1070    .text.HAL_Init      stm32f4xx_hal.o
    0x080036ce   0x080036ce   0x00000002   PAD
    0x080036d0   0x080036d0   0x000000b4   Code   RO          243    .text.HAL_InitTick  stm32f4xx_hal_timebase_tim.o
    0x08003784   0x08003784   0x00000042   Code   RO          234    .text.HAL_MspInit   stm32f4xx_hal_msp.o
    0x080037c6   0x080037c6   0x00000002   PAD
    0x080037c8   0x080037c8   0x00000022   Code   RO         1022    .text.HAL_NVIC_EnableIRQ  stm32f4xx_hal_cortex.o
    0x080037ea   0x080037ea   0x00000002   PAD
    0x080037ec   0x080037ec   0x00000056   Code   RO         1020    .text.HAL_NVIC_SetPriority  stm32f4xx_hal_cortex.o
    0x08003842   0x08003842   0x00000002   PAD
    0x08003844   0x08003844   0x00000020   Code   RO         1018    .text.HAL_NVIC_SetPriorityGrouping  stm32f4xx_hal_cortex.o
    0x08003864   0x08003864   0x00000002   Code   RO          659    .text.HAL_PCDEx_LPM_Callback  stm32f4xx_hal_pcd_ex.o
    0x08003866   0x08003866   0x00000002   PAD
    0x08003868   0x08003868   0x00000008   Code   RO          657    .text.HAL_PCDEx_SetRxFiFo  stm32f4xx_hal_pcd_ex.o
    0x08003870   0x08003870   0x0000004e   Code   RO          655    .text.HAL_PCDEx_SetTxFiFo  stm32f4xx_hal_pcd_ex.o
    0x080038be   0x080038be   0x00000002   PAD
    0x080038c0   0x080038c0   0x00000008   Code   RO         2794    .text.HAL_PCD_ConnectCallback  usbd_conf.o
    0x080038c8   0x080038c8   0x00000014   Code   RO         2780    .text.HAL_PCD_DataInStageCallback  usbd_conf.o
    0x080038dc   0x080038dc   0x00000016   Code   RO         2778    .text.HAL_PCD_DataOutStageCallback  usbd_conf.o
    0x080038f2   0x080038f2   0x00000002   PAD
    0x080038f4   0x080038f4   0x00000008   Code   RO         2796    .text.HAL_PCD_DisconnectCallback  usbd_conf.o
    0x080038fc   0x080038fc   0x0000004e   Code   RO          625    .text.HAL_PCD_EP_Close  stm32f4xx_hal_pcd.o
    0x0800394a   0x0800394a   0x00000002   PAD
    0x0800394c   0x0800394c   0x00000060   Code   RO          635    .text.HAL_PCD_EP_ClrStall  stm32f4xx_hal_pcd.o
    0x080039ac   0x080039ac   0x00000012   Code   RO          629    .text.HAL_PCD_EP_GetRxCount  stm32f4xx_hal_pcd.o
    0x080039be   0x080039be   0x00000002   PAD
    0x080039c0   0x080039c0   0x00000062   Code   RO          623    .text.HAL_PCD_EP_Open  stm32f4xx_hal_pcd.o
    0x08003a22   0x08003a22   0x00000002   PAD
    0x08003a24   0x08003a24   0x00000042   Code   RO          627    .text.HAL_PCD_EP_Receive  stm32f4xx_hal_pcd.o
    0x08003a66   0x08003a66   0x00000002   PAD
    0x08003a68   0x08003a68   0x0000006e   Code   RO          633    .text.HAL_PCD_EP_SetStall  stm32f4xx_hal_pcd.o
    0x08003ad6   0x08003ad6   0x00000002   PAD
    0x08003ad8   0x08003ad8   0x0000003a   Code   RO          631    .text.HAL_PCD_EP_Transmit  stm32f4xx_hal_pcd.o
    0x08003b12   0x08003b12   0x00000002   PAD
    0x08003b14   0x08003b14   0x00000730   Code   RO          589    .text.HAL_PCD_IRQHandler  stm32f4xx_hal_pcd.o
    0x08004244   0x08004244   0x00000008   Code   RO         2792    .text.HAL_PCD_ISOINIncompleteCallback  usbd_conf.o
    0x0800424c   0x0800424c   0x00000008   Code   RO         2790    .text.HAL_PCD_ISOOUTIncompleteCallback  usbd_conf.o
    0x08004254   0x08004254   0x000000d8   Code   RO          577    .text.HAL_PCD_Init  stm32f4xx_hal_pcd.o
    0x0800432c   0x0800432c   0x00000088   Code   RO         2772    .text.HAL_PCD_MspInit  usbd_conf.o
    0x080043b4   0x080043b4   0x00000026   Code   RO         2784    .text.HAL_PCD_ResetCallback  usbd_conf.o
    0x080043da   0x080043da   0x00000002   PAD
    0x080043dc   0x080043dc   0x00000008   Code   RO         2788    .text.HAL_PCD_ResumeCallback  usbd_conf.o
    0x080043e4   0x080043e4   0x00000008   Code   RO         2782    .text.HAL_PCD_SOFCallback  usbd_conf.o
    0x080043ec   0x080043ec   0x00000028   Code   RO          621    .text.HAL_PCD_SetAddress  stm32f4xx_hal_pcd.o
    0x08004414   0x08004414   0x0000000e   Code   RO         2776    .text.HAL_PCD_SetupStageCallback  usbd_conf.o
    0x08004422   0x08004422   0x00000002   PAD
    0x08004424   0x08004424   0x0000003e   Code   RO          585    .text.HAL_PCD_Start  stm32f4xx_hal_pcd.o
    0x08004462   0x08004462   0x00000002   PAD
    0x08004464   0x08004464   0x00000034   Code   RO         2786    .text.HAL_PCD_SuspendCallback  usbd_conf.o
    0x08004498   0x08004498   0x00000160   Code   RO          779    .text.HAL_RCC_ClockConfig  stm32f4xx_hal_rcc.o
    0x080045f8   0x080045f8   0x0000003e   Code   RO          797    .text.HAL_RCC_GetClockConfig  stm32f4xx_hal_rcc.o
    0x08004636   0x08004636   0x00000002   PAD
    0x08004638   0x08004638   0x0000000c   Code   RO          789    .text.HAL_RCC_GetHCLKFreq  stm32f4xx_hal_rcc.o
    0x08004644   0x08004644   0x00000026   Code   RO          791    .text.HAL_RCC_GetPCLK1Freq  stm32f4xx_hal_rcc.o
    0x0800466a   0x0800466a   0x00000002   PAD
    0x0800466c   0x0800466c   0x00000026   Code   RO          793    .text.HAL_RCC_GetPCLK2Freq  stm32f4xx_hal_rcc.o
    0x08004692   0x08004692   0x00000002   PAD
    0x08004694   0x08004694   0x00000068   Code   RO          781    .text.HAL_RCC_GetSysClockFreq  stm32f4xx_hal_rcc.o
    0x080046fc   0x080046fc   0x0000035c   Code   RO          777    .text.HAL_RCC_OscConfig  stm32f4xx_hal_rcc.o
    0x08004a58   0x08004a58   0x000000b0   Code   RO         1376    .text.HAL_SPI_Init  stm32f4xx_hal_spi.o
    0x08004b08   0x08004b08   0x00000126   Code   RO          110    .text.HAL_SPI_MspInit  spi.o
    0x08004c2e   0x08004c2e   0x00000002   PAD
    0x08004c30   0x08004c30   0x00000256   Code   RO         1388    .text.HAL_SPI_TransmitReceive  stm32f4xx_hal_spi.o
    0x08004e86   0x08004e86   0x00000002   PAD
    0x08004e88   0x08004e88   0x00000002   Code   RO          563    .text.HAL_TIMEx_BreakCallback  stm32f4xx_hal_tim_ex.o
    0x08004e8a   0x08004e8a   0x00000002   PAD
    0x08004e8c   0x08004e8c   0x00000002   Code   RO          559    .text.HAL_TIMEx_CommutCallback  stm32f4xx_hal_tim_ex.o
    0x08004e8e   0x08004e8e   0x00000002   PAD
    0x08004e90   0x08004e90   0x0000004c   Code   RO          555    .text.HAL_TIMEx_ConfigBreakDeadTime  stm32f4xx_hal_tim_ex.o
    0x08004edc   0x08004edc   0x000000bc   Code   RO          553    .text.HAL_TIMEx_MasterConfigSynchronization  stm32f4xx_hal_tim_ex.o
    0x08004f98   0x08004f98   0x0000005a   Code   RO          258    .text.HAL_TIM_Base_Init  stm32f4xx_hal_tim.o
    0x08004ff2   0x08004ff2   0x00000002   PAD
    0x08004ff4   0x08004ff4   0x000000ce   Code   RO          135    .text.HAL_TIM_Base_MspInit  tim.o
    0x080050c2   0x080050c2   0x00000002   PAD
    0x080050c4   0x080050c4   0x000000a8   Code   RO          272    .text.HAL_TIM_Base_Start_IT  stm32f4xx_hal_tim.o
    0x0800516c   0x0800516c   0x000001a0   Code   RO          438    .text.HAL_TIM_ConfigClockSource  stm32f4xx_hal_tim.o
    0x0800530c   0x0800530c   0x00000002   Code   RO          394    .text.HAL_TIM_IC_CaptureCallback  stm32f4xx_hal_tim.o
    0x0800530e   0x0800530e   0x00000002   PAD
    0x08005310   0x08005310   0x0000014a   Code   RO          392    .text.HAL_TIM_IRQHandler  stm32f4xx_hal_tim.o
    0x0800545a   0x0800545a   0x00000002   PAD
    0x0800545c   0x0800545c   0x00000114   Code   RO          127    .text.HAL_TIM_MspPostInit  tim.o
    0x08005570   0x08005570   0x00000002   Code   RO          396    .text.HAL_TIM_OC_DelayElapsedCallback  stm32f4xx_hal_tim.o
    0x08005572   0x08005572   0x00000002   PAD
    0x08005574   0x08005574   0x00000216   Code   RO          412    .text.HAL_TIM_PWM_ConfigChannel  stm32f4xx_hal_tim.o
    0x0800578a   0x0800578a   0x00000002   PAD
    0x0800578c   0x0800578c   0x0000005a   Code   RO          312    .text.HAL_TIM_PWM_Init  stm32f4xx_hal_tim.o
    0x080057e6   0x080057e6   0x00000002   PAD
    0x080057e8   0x080057e8   0x00000002   Code   RO          314    .text.HAL_TIM_PWM_MspInit  stm32f4xx_hal_tim.o
    0x080057ea   0x080057ea   0x00000002   PAD
    0x080057ec   0x080057ec   0x00000002   Code   RO          398    .text.HAL_TIM_PWM_PulseFinishedCallback  stm32f4xx_hal_tim.o
    0x080057ee   0x080057ee   0x00000002   PAD
    0x080057f0   0x080057f0   0x00000014   Code   RO           17    .text.HAL_TIM_PeriodElapsedCallback  main.o
    0x08005804   0x08005804   0x00000002   Code   RO          402    .text.HAL_TIM_TriggerCallback  stm32f4xx_hal_tim.o
    0x08005806   0x08005806   0x00000002   PAD
    0x08005808   0x08005808   0x00000002   Code   RO         1578    .text.HAL_UARTEx_RxEventCallback  stm32f4xx_hal_uart.o
    0x0800580a   0x0800580a   0x00000002   PAD
    0x0800580c   0x0800580c   0x000000d6   Code   RO         1534    .text.HAL_UART_DMAStop  stm32f4xx_hal_uart.o
    0x080058e2   0x080058e2   0x00000002   PAD
    0x080058e4   0x080058e4   0x00000002   Code   RO         1576    .text.HAL_UART_ErrorCallback  stm32f4xx_hal_uart.o
    0x080058e6   0x080058e6   0x00000002   PAD
    0x080058e8   0x080058e8   0x00000302   Code   RO         1570    .text.HAL_UART_IRQHandler  stm32f4xx_hal_uart.o
    0x08005bea   0x08005bea   0x00000002   PAD
    0x08005bec   0x08005bec   0x00000060   Code   RO         1492    .text.HAL_UART_Init  stm32f4xx_hal_uart.o
    0x08005c4c   0x08005c4c   0x000002d2   Code   RO          157    .text.HAL_UART_MspInit  usart.o
    0x08005f1e   0x08005f1e   0x00000002   PAD
    0x08005f20   0x08005f20   0x000000b8   Code   RO         1526    .text.HAL_UART_Receive_DMA  stm32f4xx_hal_uart.o
    0x08005fd8   0x08005fd8   0x00000054   Code   RO         1514    .text.HAL_UART_Receive_IT  stm32f4xx_hal_uart.o
    0x0800602c   0x0800602c   0x00000080   Code   RO         2181    .text.HAL_UART_RxCpltCallback  bsp_uart.o
    0x080060ac   0x080060ac   0x00000002   Code   RO         1586    .text.HAL_UART_RxHalfCpltCallback  stm32f4xx_hal_uart.o
    0x080060ae   0x080060ae   0x00000002   PAD
    0x080060b0   0x080060b0   0x00000002   Code   RO         1580    .text.HAL_UART_TxCpltCallback  stm32f4xx_hal_uart.o
    0x080060b2   0x080060b2   0x00000002   PAD
    0x080060b4   0x080060b4   0x00000002   Code   RO          179    .text.HardFault_Handler  stm32f4xx_it.o
    0x080060b6   0x080060b6   0x00000002   PAD
    0x080060b8   0x080060b8   0x000006a4   Code   RO         2543    .text.InsTask       imu_task.o
    0x0800675c   0x0800675c   0x00000046   Code   RO           65    .text.MX_CAN1_Init  can.o
    0x080067a2   0x080067a2   0x00000002   PAD
    0x080067a4   0x080067a4   0x00000046   Code   RO           67    .text.MX_CAN2_Init  can.o
    0x080067ea   0x080067ea   0x00000002   PAD
    0x080067ec   0x080067ec   0x000000ac   Code   RO           84    .text.MX_DMA_Init   dma.o
    0x08006898   0x08006898   0x000000dc   Code   RO           41    .text.MX_FREERTOS_Init  freertos.o
    0x08006974   0x08006974   0x000001d2   Code   RO           28    .text.MX_GPIO_Init  gpio.o
    0x08006b46   0x08006b46   0x00000002   PAD
    0x08006b48   0x08006b48   0x00000042   Code   RO           93    .text.MX_I2C3_Init  i2c.o
    0x08006b8a   0x08006b8a   0x00000002   PAD
    0x08006b8c   0x08006b8c   0x00000052   Code   RO          108    .text.MX_SPI1_Init  spi.o
    0x08006bde   0x08006bde   0x00000002   PAD
    0x08006be0   0x08006be0   0x00000088   Code   RO          133    .text.MX_TIM10_Init  tim.o
    0x08006c68   0x08006c68   0x00000128   Code   RO          125    .text.MX_TIM1_Init  tim.o
    0x08006d90   0x08006d90   0x0000007e   Code   RO          129    .text.MX_TIM4_Init  tim.o
    0x08006e0e   0x08006e0e   0x00000002   PAD
    0x08006e10   0x08006e10   0x000000fa   Code   RO          131    .text.MX_TIM5_Init  tim.o
    0x08006f0a   0x08006f0a   0x00000002   PAD
    0x08006f0c   0x08006f0c   0x00000046   Code   RO          151    .text.MX_USART1_UART_Init  usart.o
    0x08006f52   0x08006f52   0x00000002   PAD
    0x08006f54   0x08006f54   0x00000048   Code   RO          153    .text.MX_USART3_UART_Init  usart.o
    0x08006f9c   0x08006f9c   0x0000003c   Code   RO          155    .text.MX_USART6_UART_Init  usart.o
    0x08006fd8   0x08006fd8   0x00000072   Code   RO         2710    .text.MX_USB_DEVICE_Init  usb_device.o
    0x0800704a   0x0800704a   0x00000002   PAD
    0x0800704c   0x0800704c   0x0000029c   Code   RO         2671    .text.MahonyAHRSupdateIMU  mahonyahrs.o
    0x080072e8   0x080072e8   0x00000002   Code   RO          181    .text.MemManage_Handler  stm32f4xx_it.o
    0x080072ea   0x080072ea   0x00000002   PAD
    0x080072ec   0x080072ec   0x00000036   Code   RO         2365    .text.Minipc_ConfigAimTx  dev_minipc.o
    0x08007322   0x08007322   0x00000002   PAD
    0x08007324   0x08007324   0x0000015c   Code   RO         2355    .text.Minipc_Register  dev_minipc.o
    0x08007480   0x08007480   0x00000144   Code   RO         2371    .text.Minipc_UpdateAllInstances  dev_minipc.o
    0x080075c4   0x080075c4   0x00000104   Code   RO         2369    .text.Minipc_UpdateInstanceData  dev_minipc.o
    0x080076c8   0x080076c8   0x0000007a   Code   RO         2332    .text.Motor_DM_Register  dm_4310.o
    0x08007742   0x08007742   0x00000002   PAD
    0x08007744   0x08007744   0x00000042   Code   RO         2314    .text.Motor_Dji_Control  dev_motor_dji.o
    0x08007786   0x08007786   0x00000002   PAD
    0x08007788   0x08007788   0x000000ae   Code   RO         2312    .text.Motor_Dji_Decode  dev_motor_dji.o
    0x08007836   0x08007836   0x00000002   PAD
    0x08007838   0x08007838   0x0000009a   Code   RO         2310    .text.Motor_Dji_Register  dev_motor_dji.o
    0x080078d2   0x080078d2   0x00000002   PAD
    0x080078d4   0x080078d4   0x00000098   Code   RO         2318    .text.Motor_Dji_Transmit  dev_motor_dji.o
    0x0800796c   0x0800796c   0x00000036   Code   RO         2336    .text.Motor_Dm_Cmd  dm_4310.o
    0x080079a2   0x080079a2   0x00000002   PAD
    0x080079a4   0x080079a4   0x00000060   Code   RO         2340    .text.Motor_Dm_Control  dm_4310.o
    0x08007a04   0x08007a04   0x000001c8   Code   RO         2334    .text.Motor_Dm_Decode  dm_4310.o
    0x08007bcc   0x08007bcc   0x000000f4   Code   RO         2338    .text.Motor_Dm_Mit_Control  dm_4310.o
    0x08007cc0   0x08007cc0   0x00000010   Code   RO         2344    .text.Motor_Dm_Transmit  dm_4310.o
    0x08007cd0   0x08007cd0   0x00000002   Code   RO          177    .text.NMI_Handler   stm32f4xx_it.o
    0x08007cd2   0x08007cd2   0x00000002   PAD
    0x08007cd4   0x08007cd4   0x0000000c   Code   RO          217    .text.OTG_FS_IRQHandler  stm32f4xx_it.o
    0x08007ce0   0x08007ce0   0x000000be   Code   RO         2700    .text.PID_Calc_Speed  pid.o
    0x08007d9e   0x08007d9e   0x00000002   PAD
    0x08007da0   0x08007da0   0x00000006   Code   RO         2688    .text.PID_init      pid.o
    0x08007da6   0x08007da6   0x0000000a   PAD
    0x08007db0   0x08007db0   0x00000064   Code   RO         2132    .text.PendSV_Handler  port.o
    0x08007e14   0x08007e14   0x000001d8   Code   RO         2391    .text.Pid_Calculate  alg_pid.o
    0x08007fec   0x08007fec   0x00000094   Code   RO         2389    .text.Pid_Register  alg_pid.o
    0x08008080   0x08008080   0x00000098   Code   RO         2230    .text.SEGGER_RTT_Write  segger_rtt.o
    0x08008118   0x08008118   0x0000014e   Code   RO         2226    .text.SEGGER_RTT_WriteNoLock  segger_rtt.o
    0x08008266   0x08008266   0x00000002   PAD
    0x08008268   0x08008268   0x0000001e   Code   RO         2295    .text.SEGGER_RTT_printf  segger_rtt_printf.o
    0x08008286   0x08008286   0x00000002   PAD
    0x08008288   0x08008288   0x00000482   Code   RO         2291    .text.SEGGER_RTT_vprintf  segger_rtt_printf.o
    0x0800870a   0x0800870a   0x00000002   PAD
    0x0800870c   0x0800870c   0x00000b46   Code   RO         2533    .text.SPI1_DMA_enable  bsp_spi.o
    0x08009252   0x08009252   0x00000002   PAD
    0x08009254   0x08009254   0x000000f2   Code   RO         2531    .text.SPI1_DMA_init  bsp_spi.o
    0x08009346   0x08009346   0x00000002   PAD
    0x08009348   0x08009348   0x000000e0   Code   RO         1482    .text.SPI_WaitFlagStateUntilTimeout  stm32f4xx_hal_spi.o
    0x08009428   0x08009428   0x00000008   PAD
    0x08009430   0x08009430   0x00000024   Code   RO         2116    .text.SVC_Handler   port.o
    0x08009454   0x08009454   0x0000002e   Code   RO         2134    .text.SysTick_Handler  port.o
    0x08009482   0x08009482   0x00000002   PAD
    0x08009484   0x08009484   0x000000aa   Code   RO           13    .text.SystemClock_Config  main.o
    0x0800952e   0x0800952e   0x00000002   PAD
    0x08009530   0x08009530   0x00000012   Code   RO         1614    .text.SystemInit    system_stm32f4xx.o
    0x08009542   0x08009542   0x00000002   PAD
    0x08009544   0x08009544   0x0000000c   Code   RO          203    .text.TIM4_IRQHandler  stm32f4xx_it.o
    0x08009550   0x08009550   0x0000000c   Code   RO          209    .text.TIM8_BRK_TIM12_IRQHandler  stm32f4xx_it.o
    0x0800955c   0x0800955c   0x00000134   Code   RO          262    .text.TIM_Base_SetConfig  stm32f4xx_hal_tim.o
    0x08009690   0x08009690   0x0000000c   Code   RO         1574    .text.UART_DMAAbortOnError  stm32f4xx_hal_uart.o
    0x0800969c   0x0800969c   0x000000a2   Code   RO         1524    .text.UART_DMAError  stm32f4xx_hal_uart.o
    0x0800973e   0x0800973e   0x00000002   PAD
    0x08009740   0x08009740   0x00000080   Code   RO         1602    .text.UART_DMAReceiveCplt  stm32f4xx_hal_uart.o
    0x080097c0   0x080097c0   0x00000018   Code   RO         1604    .text.UART_DMARxHalfCplt  stm32f4xx_hal_uart.o
    0x080097d8   0x080097d8   0x000000c0   Code   RO         1572    .text.UART_Receive_IT  stm32f4xx_hal_uart.o
    0x08009898   0x08009898   0x000000de   Code   RO         1496    .text.UART_SetConfig  stm32f4xx_hal_uart.o
    0x08009976   0x08009976   0x00000002   PAD
    0x08009978   0x08009978   0x0000000c   Code   RO          205    .text.USART1_IRQHandler  stm32f4xx_it.o
    0x08009984   0x08009984   0x0000000c   Code   RO          207    .text.USART3_IRQHandler  stm32f4xx_it.o
    0x08009990   0x08009990   0x0000000c   Code   RO          225    .text.USART6_IRQHandler  stm32f4xx_it.o
    0x0800999c   0x0800999c   0x00000076   Code   RO         2951    .text.USBD_CDC_DataIn  usbd_cdc.o
    0x08009a12   0x08009a12   0x00000002   PAD
    0x08009a14   0x08009a14   0x0000003a   Code   RO         2953    .text.USBD_CDC_DataOut  usbd_cdc.o
    0x08009a4e   0x08009a4e   0x00000002   PAD
    0x08009a50   0x08009a50   0x0000005a   Code   RO         2945    .text.USBD_CDC_DeInit  usbd_cdc.o
    0x08009aaa   0x08009aaa   0x00000002   PAD
    0x08009aac   0x08009aac   0x00000036   Code   RO         2949    .text.USBD_CDC_EP0_RxReady  usbd_cdc.o
    0x08009ae2   0x08009ae2   0x00000002   PAD
    0x08009ae4   0x08009ae4   0x00000010   Code   RO         2961    .text.USBD_CDC_GetDeviceQualifierDescriptor  usbd_cdc.o
    0x08009af4   0x08009af4   0x00000052   Code   RO         2957    .text.USBD_CDC_GetFSCfgDesc  usbd_cdc.o
    0x08009b46   0x08009b46   0x00000002   PAD
    0x08009b48   0x08009b48   0x00000056   Code   RO         2955    .text.USBD_CDC_GetHSCfgDesc  usbd_cdc.o
    0x08009b9e   0x08009b9e   0x00000002   PAD
    0x08009ba0   0x08009ba0   0x00000052   Code   RO         2959    .text.USBD_CDC_GetOtherSpeedCfgDesc  usbd_cdc.o
    0x08009bf2   0x08009bf2   0x00000002   PAD
    0x08009bf4   0x08009bf4   0x000000c8   Code   RO         2943    .text.USBD_CDC_Init  usbd_cdc.o
    0x08009cbc   0x08009cbc   0x00000034   Code   RO         2971    .text.USBD_CDC_ReceivePacket  usbd_cdc.o
    0x08009cf0   0x08009cf0   0x00000018   Code   RO         2963    .text.USBD_CDC_RegisterInterface  usbd_cdc.o
    0x08009d08   0x08009d08   0x0000001a   Code   RO         2967    .text.USBD_CDC_SetRxBuffer  usbd_cdc.o
    0x08009d22   0x08009d22   0x00000002   PAD
    0x08009d24   0x08009d24   0x0000001e   Code   RO         2965    .text.USBD_CDC_SetTxBuffer  usbd_cdc.o
    0x08009d42   0x08009d42   0x00000002   PAD
    0x08009d44   0x08009d44   0x000000d0   Code   RO         2947    .text.USBD_CDC_Setup  usbd_cdc.o
    0x08009e14   0x08009e14   0x00000044   Code   RO         2969    .text.USBD_CDC_TransmitPacket  usbd_cdc.o
    0x08009e58   0x08009e58   0x00000012   Code   RO         2858    .text.USBD_ClrClassConfig  usbd_core.o
    0x08009e6a   0x08009e6a   0x00000002   PAD
    0x08009e6c   0x08009e6c   0x00000004   Code   RO         2866    .text.USBD_CoreFindEP  usbd_core.o
    0x08009e70   0x08009e70   0x00000004   Code   RO         2864    .text.USBD_CoreFindIF  usbd_core.o
    0x08009e74   0x08009e74   0x00000010   Code   RO         2927    .text.USBD_CtlContinueRx  usbd_ioreq.o
    0x08009e84   0x08009e84   0x00000010   Code   RO         2923    .text.USBD_CtlContinueSendData  usbd_ioreq.o
    0x08009e94   0x08009e94   0x00000016   Code   RO         2902    .text.USBD_CtlError  usbd_ctlreq.o
    0x08009eaa   0x08009eaa   0x00000002   PAD
    0x08009eac   0x08009eac   0x0000001a   Code   RO         2925    .text.USBD_CtlPrepareRx  usbd_ioreq.o
    0x08009ec6   0x08009ec6   0x00000002   PAD
    0x08009ec8   0x08009ec8   0x00000016   Code   RO         2931    .text.USBD_CtlReceiveStatus  usbd_ioreq.o
    0x08009ede   0x08009ede   0x00000002   PAD
    0x08009ee0   0x08009ee0   0x0000001a   Code   RO         2921    .text.USBD_CtlSendData  usbd_ioreq.o
    0x08009efa   0x08009efa   0x00000002   PAD
    0x08009efc   0x08009efc   0x00000016   Code   RO         2929    .text.USBD_CtlSendStatus  usbd_ioreq.o
    0x08009f12   0x08009f12   0x00000002   PAD
    0x08009f14   0x08009f14   0x00000024   Code   RO         2729    .text.USBD_FS_ConfigStrDescriptor  usbd_desc.o
    0x08009f38   0x08009f38   0x0000000e   Code   RO         2719    .text.USBD_FS_DeviceDescriptor  usbd_desc.o
    0x08009f46   0x08009f46   0x00000002   PAD
    0x08009f48   0x08009f48   0x00000028   Code   RO         2731    .text.USBD_FS_InterfaceStrDescriptor  usbd_desc.o
    0x08009f70   0x08009f70   0x0000000e   Code   RO         2721    .text.USBD_FS_LangIDStrDescriptor  usbd_desc.o
    0x08009f7e   0x08009f7e   0x00000002   PAD
    0x08009f80   0x08009f80   0x0000002c   Code   RO         2723    .text.USBD_FS_ManufacturerStrDescriptor  usbd_desc.o
    0x08009fac   0x08009fac   0x00000030   Code   RO         2725    .text.USBD_FS_ProductStrDescriptor  usbd_desc.o
    0x08009fdc   0x08009fdc   0x00000088   Code   RO         2727    .text.USBD_FS_SerialStrDescriptor  usbd_desc.o
    0x0800a064   0x0800a064   0x00000036   Code   RO         2888    .text.USBD_GetEpDesc  usbd_core.o
    0x0800a09a   0x0800a09a   0x00000002   PAD
    0x0800a09c   0x0800a09c   0x0000007e   Code   RO         2910    .text.USBD_GetString  usbd_ctlreq.o
    0x0800a11a   0x0800a11a   0x00000002   PAD
    0x0800a11c   0x0800a11c   0x0000002a   Code   RO         2844    .text.USBD_Init     usbd_core.o
    0x0800a146   0x0800a146   0x00000002   PAD
    0x0800a148   0x0800a148   0x00000022   Code   RO         2816    .text.USBD_LL_ClearStallEP  usbd_conf.o
    0x0800a16a   0x0800a16a   0x00000002   PAD
    0x0800a16c   0x0800a16c   0x00000022   Code   RO         2810    .text.USBD_LL_CloseEP  usbd_conf.o
    0x0800a18e   0x0800a18e   0x00000002   PAD
    0x0800a190   0x0800a190   0x000000b2   Code   RO         2868    .text.USBD_LL_DataInStage  usbd_core.o
    0x0800a242   0x0800a242   0x00000002   PAD
    0x0800a244   0x0800a244   0x00000074   Code   RO         2862    .text.USBD_LL_DataOutStage  usbd_core.o
    0x0800a2b8   0x0800a2b8   0x00000004   Code   RO         2884    .text.USBD_LL_DevConnected  usbd_core.o
    0x0800a2bc   0x0800a2bc   0x00000022   Code   RO         2886    .text.USBD_LL_DevDisconnected  usbd_core.o
    0x0800a2de   0x0800a2de   0x00000002   PAD
    0x0800a2e0   0x0800a2e0   0x00000008   Code   RO         2826    .text.USBD_LL_GetRxDataSize  usbd_conf.o
    0x0800a2e8   0x0800a2e8   0x0000006e   Code   RO         2798    .text.USBD_LL_Init  usbd_conf.o
    0x0800a356   0x0800a356   0x00000002   PAD
    0x0800a358   0x0800a358   0x0000002a   Code   RO         2818    .text.USBD_LL_IsStallEP  usbd_conf.o
    0x0800a382   0x0800a382   0x00000002   PAD
    0x0800a384   0x0800a384   0x0000002c   Code   RO         2880    .text.USBD_LL_IsoINIncomplete  usbd_core.o
    0x0800a3b0   0x0800a3b0   0x0000002c   Code   RO         2882    .text.USBD_LL_IsoOUTIncomplete  usbd_core.o
    0x0800a3dc   0x0800a3dc   0x00000028   Code   RO         2808    .text.USBD_LL_OpenEP  usbd_conf.o
    0x0800a404   0x0800a404   0x00000022   Code   RO         2824    .text.USBD_LL_PrepareReceive  usbd_conf.o
    0x0800a426   0x0800a426   0x00000002   PAD
    0x0800a428   0x0800a428   0x00000060   Code   RO         2870    .text.USBD_LL_Reset  usbd_core.o
    0x0800a488   0x0800a488   0x00000014   Code   RO         2876    .text.USBD_LL_Resume  usbd_core.o
    0x0800a49c   0x0800a49c   0x0000001e   Code   RO         2878    .text.USBD_LL_SOF   usbd_core.o
    0x0800a4ba   0x0800a4ba   0x00000002   PAD
    0x0800a4bc   0x0800a4bc   0x00000008   Code   RO         2872    .text.USBD_LL_SetSpeed  usbd_core.o
    0x0800a4c4   0x0800a4c4   0x00000022   Code   RO         2820    .text.USBD_LL_SetUSBAddress  usbd_conf.o
    0x0800a4e6   0x0800a4e6   0x00000002   PAD
    0x0800a4e8   0x0800a4e8   0x00000060   Code   RO         2860    .text.USBD_LL_SetupStage  usbd_core.o
    0x0800a548   0x0800a548   0x00000022   Code   RO         2814    .text.USBD_LL_StallEP  usbd_conf.o
    0x0800a56a   0x0800a56a   0x00000002   PAD
    0x0800a56c   0x0800a56c   0x00000022   Code   RO         2804    .text.USBD_LL_Start  usbd_conf.o
    0x0800a58e   0x0800a58e   0x00000002   PAD
    0x0800a590   0x0800a590   0x0000001c   Code   RO         2874    .text.USBD_LL_Suspend  usbd_core.o
    0x0800a5ac   0x0800a5ac   0x00000022   Code   RO         2822    .text.USBD_LL_Transmit  usbd_conf.o
    0x0800a5ce   0x0800a5ce   0x00000002   PAD
    0x0800a5d0   0x0800a5d0   0x00000016   Code   RO         2908    .text.USBD_ParseSetupRequest  usbd_ctlreq.o
    0x0800a5e6   0x0800a5e6   0x00000002   PAD
    0x0800a5e8   0x0800a5e8   0x00000042   Code   RO         2848    .text.USBD_RegisterClass  usbd_core.o
    0x0800a62a   0x0800a62a   0x00000002   PAD
    0x0800a62c   0x0800a62c   0x00000010   Code   RO         2856    .text.USBD_SetClassConfig  usbd_core.o
    0x0800a63c   0x0800a63c   0x00000004   Code   RO         2850    .text.USBD_Start    usbd_core.o
    0x0800a640   0x0800a640   0x00000358   Code   RO         2900    .text.USBD_StdDevReq  usbd_ctlreq.o
    0x0800a998   0x0800a998   0x00000146   Code   RO         2906    .text.USBD_StdEPReq  usbd_ctlreq.o
    0x0800aade   0x0800aade   0x00000002   PAD
    0x0800aae0   0x0800aae0   0x0000007e   Code   RO         2904    .text.USBD_StdItfReq  usbd_ctlreq.o
    0x0800ab5e   0x0800ab5e   0x00000002   PAD
    0x0800ab60   0x0800ab60   0x00000002   Code   RO         2830    .text.USBD_static_free  usbd_conf.o
    0x0800ab62   0x0800ab62   0x00000002   PAD
    0x0800ab64   0x0800ab64   0x0000000a   Code   RO         2828    .text.USBD_static_malloc  usbd_conf.o
    0x0800ab6e   0x0800ab6e   0x00000002   PAD
    0x0800ab70   0x0800ab70   0x00000080   Code   RO          693    .text.USB_ActivateEndpoint  stm32f4xx_ll_usb.o
    0x0800abf0   0x0800abf0   0x00000020   Code   RO          735    .text.USB_ActivateSetup  stm32f4xx_ll_usb.o
    0x0800ac10   0x0800ac10   0x00000106   Code   RO          671    .text.USB_CoreInit  stm32f4xx_ll_usb.o
    0x0800ad16   0x0800ad16   0x00000002   PAD
    0x0800ad18   0x0800ad18   0x0000005c   Code   RO         2357    .text.USB_Data_Received_Callback  dev_minipc.o
    0x0800ad74   0x0800ad74   0x00000080   Code   RO          697    .text.USB_DeactivateEndpoint  stm32f4xx_ll_usb.o
    0x0800adf4   0x0800adf4   0x0000001e   Code   RO          717    .text.USB_DevConnect  stm32f4xx_ll_usb.o
    0x0800ae12   0x0800ae12   0x00000002   PAD
    0x0800ae14   0x0800ae14   0x0000001e   Code   RO          719    .text.USB_DevDisconnect  stm32f4xx_ll_usb.o
    0x0800ae32   0x0800ae32   0x00000002   PAD
    0x0800ae34   0x0800ae34   0x000001ea   Code   RO          683    .text.USB_DevInit   stm32f4xx_ll_usb.o
    0x0800b01e   0x0800b01e   0x00000002   PAD
    0x0800b020   0x0800b020   0x0000000e   Code   RO          677    .text.USB_DisableGlobalInt  stm32f4xx_ll_usb.o
    0x0800b02e   0x0800b02e   0x00000002   PAD
    0x0800b030   0x0800b030   0x0000005a   Code   RO          737    .text.USB_EP0_OutStart  stm32f4xx_ll_usb.o
    0x0800b08a   0x0800b08a   0x00000002   PAD
    0x0800b08c   0x0800b08c   0x00000050   Code   RO          711    .text.USB_EPClearStall  stm32f4xx_ll_usb.o
    0x0800b0dc   0x0800b0dc   0x0000003c   Code   RO          709    .text.USB_EPSetStall  stm32f4xx_ll_usb.o
    0x0800b118   0x0800b118   0x000001f0   Code   RO          701    .text.USB_EPStartXfer  stm32f4xx_ll_usb.o
    0x0800b308   0x0800b308   0x0000008a   Code   RO          705    .text.USB_EPStopXfer  stm32f4xx_ll_usb.o
    0x0800b392   0x0800b392   0x00000002   PAD
    0x0800b394   0x0800b394   0x0000000e   Code   RO          675    .text.USB_EnableGlobalInt  stm32f4xx_ll_usb.o
    0x0800b3a2   0x0800b3a2   0x00000002   PAD
    0x0800b3a4   0x0800b3a4   0x00000048   Code   RO          687    .text.USB_FlushTxFifo  stm32f4xx_ll_usb.o
    0x0800b3ec   0x0800b3ec   0x0000001a   Code   RO          691    .text.USB_GetDevSpeed  stm32f4xx_ll_usb.o
    0x0800b406   0x0800b406   0x00000002   PAD
    0x0800b408   0x0800b408   0x00000008   Code   RO          681    .text.USB_GetMode   stm32f4xx_ll_usb.o
    0x0800b410   0x0800b410   0x0000000e   Code   RO          727    .text.USB_ReadDevAllInEpInterrupt  stm32f4xx_ll_usb.o
    0x0800b41e   0x0800b41e   0x00000002   PAD
    0x0800b420   0x0800b420   0x0000000e   Code   RO          725    .text.USB_ReadDevAllOutEpInterrupt  stm32f4xx_ll_usb.o
    0x0800b42e   0x0800b42e   0x00000002   PAD
    0x0800b430   0x0800b430   0x00000024   Code   RO          731    .text.USB_ReadDevInEPInterrupt  stm32f4xx_ll_usb.o
    0x0800b454   0x0800b454   0x00000010   Code   RO          729    .text.USB_ReadDevOutEPInterrupt  stm32f4xx_ll_usb.o
    0x0800b464   0x0800b464   0x00000008   Code   RO          721    .text.USB_ReadInterrupts  stm32f4xx_ll_usb.o
    0x0800b46c   0x0800b46c   0x00000042   Code   RO          707    .text.USB_ReadPacket  stm32f4xx_ll_usb.o
    0x0800b4ae   0x0800b4ae   0x00000002   PAD
    0x0800b4b0   0x0800b4b0   0x0000000c   Code   RO         2758    .text.USB_RegisterRxCallback  usbd_cdc_if.o
    0x0800b4bc   0x0800b4bc   0x00000064   Code   RO          679    .text.USB_SetCurrentMode  stm32f4xx_ll_usb.o
    0x0800b520   0x0800b520   0x00000022   Code   RO          715    .text.USB_SetDevAddress  stm32f4xx_ll_usb.o
    0x0800b542   0x0800b542   0x00000002   PAD
    0x0800b544   0x0800b544   0x00000110   Code   RO          673    .text.USB_SetTurnaroundTime  stm32f4xx_ll_usb.o
    0x0800b654   0x0800b654   0x00000028   Code   RO          703    .text.USB_WritePacket  stm32f4xx_ll_usb.o
    0x0800b67c   0x0800b67c   0x000000d6   Code   RO         2175    .text.Uart_Register  bsp_uart.o
    0x0800b752   0x0800b752   0x00000002   PAD
    0x0800b754   0x0800b754   0x00000002   Code   RO          185    .text.UsageFault_Handler  stm32f4xx_it.o
    0x0800b756   0x0800b756   0x00000002   PAD
    0x0800b758   0x0800b758   0x00000188   Code   RO         2293    .text._PrintUnsigned  segger_rtt_printf.o
    0x0800b8e0   0x0800b8e0   0x00000142   Code   RO         2458    .text.bmi088_accel_init  bmi088driver.o
    0x0800ba22   0x0800ba22   0x00000002   PAD
    0x0800ba24   0x0800ba24   0x000002dc   Code   RO         2456    .text.bmi088_accel_self_test  bmi088driver.o
    0x0800bd00   0x0800bd00   0x000000fe   Code   RO         2462    .text.bmi088_gyro_init  bmi088driver.o
    0x0800bdfe   0x0800bdfe   0x00000002   PAD
    0x0800be00   0x0800be00   0x000000dc   Code   RO         2460    .text.bmi088_gyro_self_test  bmi088driver.o
    0x0800bedc   0x0800bedc   0x00000094   Code   RO         2424    .text.data_pack     gimbal_fun.o
    0x0800bf70   0x0800bf70   0x00000168   Code   RO         2559    .text.imu_cmd_spi_dma  imu_task.o
    0x0800c0d8   0x0800c0d8   0x0000000e   Code   RO         2523    .text.imu_pwm_set   bsp_imu_pwm.o
    0x0800c0e6   0x0800c0e6   0x00000002   PAD
    0x0800c0e8   0x0800c0e8   0x00000046   Code   RO           11    .text.main          main.o
    0x0800c12e   0x0800c12e   0x00000002   PAD
    0x0800c130   0x0800c130   0x00000010   Code   RO         1983    .text.osDelay       cmsis_os.o
    0x0800c140   0x0800c140   0x0000000a   Code   RO         1965    .text.osKernelStart  cmsis_os.o
    0x0800c14a   0x0800c14a   0x00000002   PAD
    0x0800c14c   0x0800c14c   0x0000005e   Code   RO         1971    .text.osThreadCreate  cmsis_os.o
    0x0800c1aa   0x0800c1aa   0x00000002   PAD
    0x0800c1ac   0x0800c1ac   0x00000026   Code   RO         1829    .text.pcTaskGetName  tasks.o
    0x0800c1d2   0x0800c1d2   0x00000002   PAD
    0x0800c1d4   0x0800c1d4   0x000000ae   Code   RO         1793    .text.prvAddCurrentTaskToDelayedList  tasks.o
    0x0800c282   0x0800c282   0x00000002   PAD
    0x0800c284   0x0800c284   0x0000011a   Code   RO         1783    .text.prvAddNewTaskToReadyList  tasks.o
    0x0800c39e   0x0800c39e   0x00000002   PAD
    0x0800c3a0   0x0800c3a0   0x0000007c   Code   RO         1918    .text.prvCheckForValidListAndQueue  timers.o
    0x0800c41c   0x0800c41c   0x00000096   Code   RO         1817    .text.prvIdleTask   tasks.o
    0x0800c4b2   0x0800c4b2   0x00000002   PAD
    0x0800c4b4   0x0800c4b4   0x00000028   Code   RO         2124    .text.prvPortStartFirstTask  port.o
    0x0800c4dc   0x0800c4dc   0x000000ea   Code   RO         1946    .text.prvSampleTimeNow  timers.o
    0x0800c5c6   0x0800c5c6   0x00000002   PAD
    0x0800c5c8   0x0800c5c8   0x00000032   Code   RO         2114    .text.prvTaskExitError  port.o
    0x0800c5fa   0x0800c5fa   0x00000002   PAD
    0x0800c5fc   0x0800c5fc   0x000002aa   Code   RO         1920    .text.prvTimerTask  timers.o
    0x0800c8a6   0x0800c8a6   0x00000002   PAD
    0x0800c8a8   0x0800c8a8   0x00000074   Code   RO         1692    .text.prvUnlockQueue  queue.o
    0x0800c91c   0x0800c91c   0x0000019c   Code   RO         2084    .text.pvPortMalloc  heap_4.o
    0x0800cab8   0x0800cab8   0x00000024   Code   RO         2112    .text.pxPortInitialiseStack  port.o
    0x0800cadc   0x0800cadc   0x00000010   Code   RO           43    .text.test_task     freertos.o
    0x0800caec   0x0800caec   0x00000068   Code   RO         1873    .text.ulTaskNotifyTake  tasks.o
    0x0800cb54   0x0800cb54   0x00000024   Code   RO         1666    .text.uxListRemove  list.o
    0x0800cb78   0x0800cb78   0x0000001a   Code   RO           37    .text.vApplicationGetIdleTaskMemory  freertos.o
    0x0800cb92   0x0800cb92   0x00000002   PAD
    0x0800cb94   0x0800cb94   0x0000001c   Code   RO           39    .text.vApplicationGetTimerTaskMemory  freertos.o
    0x0800cbb0   0x0800cbb0   0x00000016   Code   RO         1658    .text.vListInitialise  list.o
    0x0800cbc6   0x0800cbc6   0x00000002   PAD
    0x0800cbc8   0x0800cbc8   0x00000006   Code   RO         1660    .text.vListInitialiseItem  list.o
    0x0800cbce   0x0800cbce   0x00000002   PAD
    0x0800cbd0   0x0800cbd0   0x0000003a   Code   RO         1664    .text.vListInsert   list.o
    0x0800cc0a   0x0800cc0a   0x00000002   PAD
    0x0800cc0c   0x0800cc0c   0x0000001c   Code   RO         1662    .text.vListInsertEnd  list.o
    0x0800cc28   0x0800cc28   0x00000014   Code   RO         2122    .text.vPortEnableVFP  port.o
    0x0800cc3c   0x0800cc3c   0x00000046   Code   RO         2128    .text.vPortEnterCritical  port.o
    0x0800cc82   0x0800cc82   0x00000002   PAD
    0x0800cc84   0x0800cc84   0x0000002e   Code   RO         2130    .text.vPortExitCritical  port.o
    0x0800ccb2   0x0800ccb2   0x00000002   PAD
    0x0800ccb4   0x0800ccb4   0x000000d6   Code   RO         2086    .text.vPortFree     heap_4.o
    0x0800cd8a   0x0800cd8a   0x00000002   PAD
    0x0800cd8c   0x0800cd8c   0x00000034   Code   RO         2120    .text.vPortSetupTimerInterrupt  port.o
    0x0800cdc0   0x0800cdc0   0x00000062   Code   RO         2136    .text.vPortValidateInterruptPriority  port.o
    0x0800ce22   0x0800ce22   0x00000002   PAD
    0x0800ce24   0x0800ce24   0x00000028   Code   RO         1722    .text.vQueueAddToRegistry  queue.o
    0x0800ce4c   0x0800ce4c   0x00000046   Code   RO         1726    .text.vQueueWaitForMessageRestricted  queue.o
    0x0800ce92   0x0800ce92   0x00000002   PAD
    0x0800ce94   0x0800ce94   0x000000cc   Code   RO         1797    .text.vTaskDelay    tasks.o
    0x0800cf60   0x0800cf60   0x00000112   Code   RO         1789    .text.vTaskDelayUntil  tasks.o
    0x0800d072   0x0800d072   0x00000002   PAD
    0x0800d074   0x0800d074   0x0000001a   Code   RO         1849    .text.vTaskInternalSetTimeOutState  tasks.o
    0x0800d08e   0x0800d08e   0x00000002   PAD
    0x0800d090   0x0800d090   0x0000000e   Code   RO         1853    .text.vTaskMissedYield  tasks.o
    0x0800d09e   0x0800d09e   0x00000002   PAD
    0x0800d0a0   0x0800d0a0   0x000000dc   Code   RO         1881    .text.vTaskNotifyGiveFromISR  tasks.o
    0x0800d17c   0x0800d17c   0x00000036   Code   RO         1837    .text.vTaskPlaceOnEventList  tasks.o
    0x0800d1b2   0x0800d1b2   0x00000002   PAD
    0x0800d1b4   0x0800d1b4   0x0000003e   Code   RO         1841    .text.vTaskPlaceOnEventListRestricted  tasks.o
    0x0800d1f2   0x0800d1f2   0x00000002   PAD
    0x0800d1f4   0x0800d1f4   0x000000a4   Code   RO         1815    .text.vTaskStartScheduler  tasks.o
    0x0800d298   0x0800d298   0x00000010   Code   RO         1791    .text.vTaskSuspendAll  tasks.o
    0x0800d2a8   0x0800d2a8   0x00000086   Code   RO         1809    .text.vTaskSwitchContext  tasks.o
    0x0800d32e   0x0800d32e   0x00000002   PAD
    0x0800d330   0x0800d330   0x0000012e   Code   RO         2118    .text.xPortStartScheduler  port.o
    0x0800d45e   0x0800d45e   0x00000002   PAD
    0x0800d460   0x0800d460   0x000000d2   Code   RO         1678    .text.xQueueGenericCreateStatic  queue.o
    0x0800d532   0x0800d532   0x00000002   PAD
    0x0800d534   0x0800d534   0x00000214   Code   RO         1690    .text.xQueueGenericSend  queue.o
    0x0800d748   0x0800d748   0x000001a8   Code   RO         1698    .text.xQueueReceive  queue.o
    0x0800d8f0   0x0800d8f0   0x000000a4   Code   RO         1851    .text.xTaskCheckForTimeOut  tasks.o
    0x0800d994   0x0800d994   0x000000e0   Code   RO         1785    .text.xTaskCreate   tasks.o
    0x0800da74   0x0800da74   0x000000ee   Code   RO         1781    .text.xTaskCreateStatic  tasks.o
    0x0800db62   0x0800db62   0x00000002   PAD
    0x0800db64   0x0800db64   0x000002b0   Code   RO         1831    .text.xTaskGetHandle  tasks.o
    0x0800de14   0x0800de14   0x00000026   Code   RO         1861    .text.xTaskGetSchedulerState  tasks.o
    0x0800de3a   0x0800de3a   0x00000002   PAD
    0x0800de3c   0x0800de3c   0x0000000c   Code   RO         1823    .text.xTaskGetTickCount  tasks.o
    0x0800de48   0x0800de48   0x00000180   Code   RO         1821    .text.xTaskIncrementTick  tasks.o
    0x0800dfc8   0x0800dfc8   0x000000be   Code   RO         1865    .text.xTaskPriorityDisinherit  tasks.o
    0x0800e086   0x0800e086   0x00000002   PAD
    0x0800e088   0x0800e088   0x00000090   Code   RO         1843    .text.xTaskRemoveFromEventList  tasks.o
    0x0800e118   0x0800e118   0x00000138   Code   RO         1795    .text.xTaskResumeAll  tasks.o
    0x0800e250   0x0800e250   0x00000074   Code   RO         1916    .text.xTimerCreateTimerTask  timers.o
    0x0800e2c4   0x0800e2c4   0x00000026   Code   RO         3040    i.__ARM_fpclassifyf  m_wm.l(fpclassifyf.o)
    0x0800e2ea   0x0800e2ea   0x00000002   PAD
    0x0800e2ec   0x0800e2ec   0x0000012c   Code   RO         2983    i.__hardfp_asinf    m_wm.l(asinf.o)
    0x0800e418   0x0800e418   0x000002ac   Code   RO         2989    i.__hardfp_atan2f   m_wm.l(atan2f.o)
    0x0800e6c4   0x0800e6c4   0x00000004   PAD
    0x0800e6c8   0x0800e6c8   0x00000118   Code   RO         2995    i.__hardfp_ceil     m_wm.l(ceil.o)
    0x0800e7e0   0x0800e7e0   0x000000e0   Code   RO         3001    i.__hardfp_round    m_wm.l(round.o)
    0x0800e8c0   0x0800e8c0   0x00000006   Code   RO         3043    i.__mathlib_flt_infnan  m_wm.l(funder.o)
    0x0800e8c6   0x0800e8c6   0x00000006   Code   RO         3044    i.__mathlib_flt_infnan2  m_wm.l(funder.o)
    0x0800e8cc   0x0800e8cc   0x00000010   Code   RO         3045    i.__mathlib_flt_invalid  m_wm.l(funder.o)
    0x0800e8dc   0x0800e8dc   0x00000010   Code   RO         3048    i.__mathlib_flt_underflow  m_wm.l(funder.o)
    0x0800e8ec   0x0800e8ec   0x0000000e   Code   RO         3098    i.__scatterload_copy  mc_w.l(handlers.o)
    0x0800e8fa   0x0800e8fa   0x00000002   Code   RO         3099    i.__scatterload_null  mc_w.l(handlers.o)
    0x0800e8fc   0x0800e8fc   0x0000000e   Code   RO         3100    i.__scatterload_zeroinit  mc_w.l(handlers.o)
    0x0800e90a   0x0800e90a   0x00000002   PAD
    0x0800e90c   0x0800e90c   0x0000000c   Code   RO         3078    i.__set_errno       mc_w.l(errno.o)
    0x0800e918   0x0800e918   0x0000003e   Code   RO         3007    i.sqrtf             m_wm.l(sqrtf.o)
    0x0800e956   0x0800e956   0x00000006   Data   RO         2417    .rodata..Lswitch.table.Gimbal_task  gimbal_task.o
    0x0800e95c   0x0800e95c   0x00000010   Data   RO         1619    .rodata.AHBPrescTable  system_stm32f4xx.o
    0x0800e96c   0x0800e96c   0x00000008   Data   RO         1620    .rodata.APBPrescTable  system_stm32f4xx.o
    0x0800e974   0x0800e974   0x00000011   Data   RO         2279    .rodata._DoInit._aInitStr  segger_rtt.o
    0x0800e985   0x0800e985   0x00000012   Data   RO         2488    .rodata.bmi088_accel_self_test.write_BMI088_ACCEL_self_test_Reg_Data_Error  bmi088driver.o
    0x0800e997   0x0800e997   0x00000008   Data   RO          947    .rodata.cst8        stm32f4xx_hal_dma.o
    0x0800e99f   0x0800e99f   0x00000012   Data   RO           53    .rodata.str1.1      freertos.o
    0x0800e9b1   0x0800e9b1   0x0000033d   Data   RO         2160    .rodata.str1.1      bsp_can.o
    0x0800ecee   0x0800ecee   0x00000009   Data   RO         2280    .rodata.str1.1      segger_rtt.o
    0x0800ecf7   0x0800ecf7   0x000000b6   Data   RO         2376    .rodata.str1.1      dev_minipc.o
    0x0800edad   0x0800edad   0x00000033   Data   RO         2429    .rodata.str1.1      gimbal_fun.o
    0x0800ede0   0x0800ede0   0x00000012   Data   RO         2486    .rodata.write_BMI088_accel_reg_data_error  bmi088driver.o
    0x0800edf2   0x0800edf2   0x00000012   Data   RO         2487    .rodata.write_BMI088_gyro_reg_data_error  bmi088driver.o
    0x0800ee04   0x0800ee04   0x00000020   Data   RO         3097    Region$$Table       anon$$obj.o


    Execution Region RW_IRAM1 (Exec base: 0x20000000, Load base: 0x0800ee28, Size: 0x00007740, Max: 0x0001c000, ABSOLUTE, COMPRESSED[0x000001c8])

    Exec Addr    Load Addr    Size         Type   Attr      Idx    E Section Name        Object

    0x20000000   COMPRESSED   0x00000004   Data   RW         3079    .data               mc_w.l(errno.o)
    0x20000004   COMPRESSED   0x00000004   Data   RW         2484    .data.BMI088_ACCEL_SEN  bmi088driver.o
    0x20000008   COMPRESSED   0x00000004   Data   RW         2485    .data.BMI088_GYRO_SEN  bmi088driver.o
    0x2000000c   COMPRESSED   0x0000001c   Data   RW         2733    .data.FS_Desc       usbd_desc.o
    0x20000028   COMPRESSED   0x00000004   Data   RW         1618    .data.SystemCoreClock  system_stm32f4xx.o
    0x2000002c   COMPRESSED   0x00000038   Data   RW         2973    .data.USBD_CDC      usbd_cdc.o
    0x20000064   COMPRESSED   0x00000043   Data   RW         2975    .data.USBD_CDC_CfgDesc  usbd_cdc.o
    0x200000a7   COMPRESSED   0x00000001   PAD
    0x200000a8   COMPRESSED   0x0000000a   Data   RW         2974    .data.USBD_CDC_DeviceQualifierDesc  usbd_cdc.o
    0x200000b2   COMPRESSED   0x00000002   PAD
    0x200000b4   COMPRESSED   0x00000012   Data   RW         2734    .data.USBD_FS_DeviceDesc  usbd_desc.o
    0x200000c6   COMPRESSED   0x00000002   PAD
    0x200000c8   COMPRESSED   0x00000014   Data   RW         2760    .data.USBD_Interface_fops_FS  usbd_cdc_if.o
    0x200000dc   COMPRESSED   0x00000004   Data   RW         2735    .data.USBD_LangIDDesc  usbd_desc.o
    0x200000e0   COMPRESSED   0x0000001a   Data   RW         2736    .data.USBD_StringSerial  usbd_desc.o
    0x200000fa   COMPRESSED   0x00000001   Data   RW         2375    .data.USB_Instance_Count  dev_minipc.o
    0x200000fb   COMPRESSED   0x00000009   Data   RW         2566    .data.accel_dma_tx_buf  imu_task.o
    0x20000104   COMPRESSED   0x00000024   Data   RW         2577    .data.accel_scale_factor  imu_task.o
    0x20000128   COMPRESSED   0x00000004   Data   RW         2567    .data.accel_temp_dma_tx_buf  imu_task.o
    0x2000012c   COMPRESSED   0x00000011   Data   RW         2430    .data.board_data_exchange_config  gimbal_fun.o
    0x2000013d   COMPRESSED   0x00000020   Data   RW         2346    .data.dm_cmd_frame  dm_4310.o
    0x2000015d   COMPRESSED   0x00000003   PAD
    0x20000160   COMPRESSED   0x00000090   Data   RW         2432    .data.gimbal_pitch_motor_config  gimbal_fun.o
    0x200001f0   COMPRESSED   0x00000008   Data   RW         2565    .data.gyro_dma_tx_buf  imu_task.o
    0x200001f8   COMPRESSED   0x00000024   Data   RW         2576    .data.gyro_scale_factor  imu_task.o
    0x2000021c   COMPRESSED   0x00000024   Data   RW         2578    .data.mag_scale_factor  imu_task.o
    0x20000240   COMPRESSED   0x00000026   Data   RW         2428    .data.miniPC_config  gimbal_fun.o
    0x20000266   COMPRESSED   0x00000002   PAD
    0x20000268   COMPRESSED   0x00000090   Data   RW         2436    .data.rammer_motor_config  gimbal_fun.o
    0x200002f8   COMPRESSED   0x00000074   Data   RW         2437    .data.shoot_motor1_config  gimbal_fun.o
    0x2000036c   COMPRESSED   0x00000074   Data   RW         2438    .data.shoot_motor2_config  gimbal_fun.o
    0x200003e0   COMPRESSED   0x00000004   Data   RW         2411    .data.shoot_speed   gimbal_task.o
    0x200003e4   COMPRESSED   0x00000004   Data   RW         2675    .data.twoKp         mahonyahrs.o
    0x200003e8   COMPRESSED   0x00000001   Data   RW         1125    .data.uwTickFreq    stm32f4xx_hal.o
    0x200003e9   COMPRESSED   0x00000003   PAD
    0x200003ec   COMPRESSED   0x00000004   Data   RW         1124    .data.uwTickPrio    stm32f4xx_hal.o
    0x200003f0   COMPRESSED   0x00000004   Data   RW         2140    .data.uxCriticalNesting  port.o
    0x200003f4   COMPRESSED   0x00000004   Data   RW         2585    .data.yaw_add_one_tick  imu_task.o
    0x200003f8   COMPRESSED   0x00000090   Data   RW         2434    .data.yaw_motor_config  gimbal_fun.o
    0x20000488        -       0x00000024   Zero   RW         2161    .bss.CAN_RxFIFO0Frame  bsp_can.o
    0x200004ac        -       0x00000024   Zero   RW         2166    .bss.CAN_RxFIFO1Frame  bsp_can.o
    0x200004d0        -       0x00000020   Zero   RW         2378    .bss.Data_Processing.packet  dev_minipc.o
    0x200004f0        -       0x00000001   Zero   RW         2380    .bss.Data_Processing.packet_index  dev_minipc.o
    0x200004f1        -       0x00000001   Zero   RW         2379    .bss.Data_Processing.packet_state  dev_minipc.o
    0x200004f2   COMPRESSED   0x00000002   PAD
    0x200004f4        -       0x00000004   Zero   RW         2606    .bss.HAL_GPIO_EXTI_Callback.xHigherPriorityTaskWoken  imu_task.o
    0x200004f8        -       0x00000004   Zero   RW           75    .bss.HAL_RCC_CAN1_CLK_ENABLED  can.o
    0x200004fc        -       0x0000000c   Zero   RW         2603    .bss.IMU_angle      imu_task.o
    0x20000508        -       0x0000000c   Zero   RW         2580    .bss.INS_accel      imu_task.o
    0x20000514        -       0x0000000c   Zero   RW         2600    .bss.INS_angle      imu_task.o
    0x20000520        -       0x0000000c   Zero   RW         2579    .bss.INS_gyro       imu_task.o
    0x2000052c        -       0x0000000c   Zero   RW         2581    .bss.INS_mag        imu_task.o
    0x20000538        -       0x00000010   Zero   RW         2582    .bss.INS_quat       imu_task.o
    0x20000548        -       0x00000004   Zero   RW         2601    .bss.InsTask.pre_tick  imu_task.o
    0x2000054c        -       0x00000004   Zero   RW         2589    .bss.InsTask_local_handler  imu_task.o
    0x20000550        -       0x00000001   Zero   RW         2912    .bss.USBD_SetConfig.cfgidx  usbd_ctlreq.o
    0x20000551   COMPRESSED   0x00000003   PAD
    0x20000554        -       0x00000200   Zero   RW         2737    .bss.USBD_StrDesc   usbd_desc.o
    0x20000754        -       0x00000220   Zero   RW         2835    .bss.USBD_static_malloc.mem  usbd_conf.o
    0x20000974        -       0x00000800   Zero   RW         2762    .bss.UserRxBufferFS  usbd_cdc_if.o
    0x20001174        -       0x00000800   Zero   RW         2763    .bss.UserTxBufferFS  usbd_cdc_if.o
    0x20001974        -       0x000000a8   Zero   RW         2276    .bss._SEGGER_RTT    segger_rtt.o
    0x20001a1c        -       0x00000010   Zero   RW         2282    .bss._acDownBuffer  segger_rtt.o
    0x20001a2c        -       0x00000400   Zero   RW         2281    .bss._acUpBuffer    segger_rtt.o
    0x20001e2c        -       0x00000009   Zero   RW         2592    .bss.accel_dma_rx_buf  imu_task.o
    0x20001e35   COMPRESSED   0x00000003   PAD
    0x20001e38        -       0x00000004   Zero   RW         2594    .bss.accel_fliter_2.0  imu_task.o
    0x20001e3c        -       0x00000004   Zero   RW         2595    .bss.accel_fliter_2.1  imu_task.o
    0x20001e40        -       0x00000004   Zero   RW         2596    .bss.accel_fliter_2.2  imu_task.o
    0x20001e44        -       0x00000004   Zero   RW         2597    .bss.accel_fliter_3.0  imu_task.o
    0x20001e48        -       0x00000004   Zero   RW         2598    .bss.accel_fliter_3.1  imu_task.o
    0x20001e4c        -       0x00000004   Zero   RW         2599    .bss.accel_fliter_3.2  imu_task.o
    0x20001e50        -       0x0000000c   Zero   RW         2609    .bss.accel_offset   imu_task.o
    0x20001e5c        -       0x00000004   Zero   RW         2593    .bss.accel_temp_dma_rx_buf  imu_task.o
    0x20001e60        -       0x00000001   Zero   RW         2570    .bss.accel_temp_update_flag  imu_task.o
    0x20001e61        -       0x00000001   Zero   RW         2569    .bss.accel_update_flag  imu_task.o
    0x20001e62   COMPRESSED   0x00000002   PAD
    0x20001e64        -       0x00000024   Zero   RW         2591    .bss.bmi088_offset_data  imu_task.o
    0x20001e88        -       0x00000024   Zero   RW         2586    .bss.bmi088_real_data  imu_task.o
    0x20001eac        -       0x00000004   Zero   RW         2440    .bss.board_data_exchange  gimbal_fun.o
    0x20001eb0        -       0x00000020   Zero   RW         2163    .bss.can1_instance  bsp_can.o
    0x20001ed0        -       0x00000020   Zero   RW         2165    .bss.can2_instance  bsp_can.o
    0x20001ef0        -       0x00000001   Zero   RW         2162    .bss.can_idx1       bsp_can.o
    0x20001ef1        -       0x00000001   Zero   RW         2164    .bss.can_idx2       bsp_can.o
    0x20001ef2        -       0x00000001   Zero   RW         2159    .bss.can_init_flag  bsp_can.o
    0x20001ef3   COMPRESSED   0x00000001   PAD
    0x20001ef4        -       0x00000004   Zero   RW         2413    .bss.enable_flag    gimbal_task.o
    0x20001ef8        -       0x00000001   Zero   RW         2617    .bss.first_temperate  imu_task.o
    0x20001ef9   COMPRESSED   0x00000003   PAD
    0x20001efc        -       0x00000010   Zero   RW         2439    .bss.gimbal_data    gimbal_fun.o
    0x20001f0c        -       0x00000004   Zero   RW         2431    .bss.gimbal_pitch_motor  gimbal_fun.o
    0x20001f10        -       0x00000001   Zero   RW         2575    .bss.gimbal_return_finish_flag  imu_task.o
    0x20001f11        -       0x00000008   Zero   RW         2590    .bss.gyro_dma_rx_buf  imu_task.o
    0x20001f19        -       0x00000001   Zero   RW         2568    .bss.gyro_update_flag  imu_task.o
    0x20001f1a   COMPRESSED   0x00000002   PAD
    0x20001f1c        -       0x000002dc   Zero   RW         2712    .bss.hUsbDeviceFS   usb_device.o
    0x200021f8        -       0x00000028   Zero   RW           73    .bss.hcan1          can.o
    0x20002220        -       0x00000028   Zero   RW           74    .bss.hcan2          can.o
    0x20002248        -       0x00000060   Zero   RW          115    .bss.hdma_spi1_rx   spi.o
    0x200022a8        -       0x00000060   Zero   RW          116    .bss.hdma_spi1_tx   spi.o
    0x20002308        -       0x00000060   Zero   RW          164    .bss.hdma_usart1_rx  usart.o
    0x20002368        -       0x00000060   Zero   RW          165    .bss.hdma_usart1_tx  usart.o
    0x200023c8        -       0x00000060   Zero   RW          166    .bss.hdma_usart3_rx  usart.o
    0x20002428        -       0x00000060   Zero   RW          167    .bss.hdma_usart6_rx  usart.o
    0x20002488        -       0x00000060   Zero   RW          168    .bss.hdma_usart6_tx  usart.o
    0x200024e8        -       0x00000054   Zero   RW           99    .bss.hi2c3          i2c.o
    0x2000253c        -       0x000004e4   Zero   RW         2834    .bss.hpcd_USB_OTG_FS  usbd_conf.o
    0x20002a20        -       0x00000058   Zero   RW          114    .bss.hspi1          spi.o
    0x20002a78        -       0x00000048   Zero   RW          139    .bss.htim1          tim.o
    0x20002ac0        -       0x00000048   Zero   RW          142    .bss.htim10         tim.o
    0x20002b08        -       0x00000048   Zero   RW          249    .bss.htim12         stm32f4xx_hal_timebase_tim.o
    0x20002b50        -       0x00000048   Zero   RW          140    .bss.htim4          tim.o
    0x20002b98        -       0x00000048   Zero   RW          141    .bss.htim5          tim.o
    0x20002be0        -       0x00000048   Zero   RW          161    .bss.huart1         usart.o
    0x20002c28        -       0x00000048   Zero   RW          162    .bss.huart3         usart.o
    0x20002c70        -       0x00000048   Zero   RW          163    .bss.huart6         usart.o
    0x20002cb8        -       0x00000001   Zero   RW         2183    .bss.id             bsp_uart.o
    0x20002cb9        -       0x00000001   Zero   RW         2322    .bss.idx            dev_motor_dji.o
    0x20002cba   COMPRESSED   0x00000002   PAD
    0x20002cbc        -       0x00000008   Zero   RW         2445    .bss.imu_angle_rad  gimbal_fun.o
    0x20002cc4        -       0x00000001   Zero   RW         2574    .bss.imu_init_finish_flag  imu_task.o
    0x20002cc5        -       0x00000001   Zero   RW         2572    .bss.imu_start_dma_flag  imu_task.o
    0x20002cc6        -       0x00000001   Zero   RW         2616    .bss.imu_temp_control.temp_constant_time  imu_task.o
    0x20002cc7   COMPRESSED   0x00000001   PAD
    0x20002cc8        -       0x00000034   Zero   RW         2588    .bss.imu_temp_pid   imu_task.o
    0x20002cfc        -       0x00000004   Zero   RW           56    .bss.insHandle      freertos.o
    0x20002d00        -       0x00000004   Zero   RW         2677    .bss.integralFBx    mahonyahrs.o
    0x20002d04        -       0x00000004   Zero   RW         2678    .bss.integralFBy    mahonyahrs.o
    0x20002d08        -       0x00000004   Zero   RW         2679    .bss.integralFBz    mahonyahrs.o
    0x20002d0c        -       0x00000010   Zero   RW         2587    .bss.ist8310_real_data  imu_task.o
    0x20002d1c        -       0x0000000c   Zero   RW         2611    .bss.mag_offset     imu_task.o
    0x20002d28        -       0x00000001   Zero   RW         2571    .bss.mag_update_flag  imu_task.o
    0x20002d29   COMPRESSED   0x00000003   PAD
    0x20002d2c        -       0x00000004   Zero   RW         2444    .bss.miniPC_ins     gimbal_fun.o
    0x20002d30        -       0x00000020   Zero   RW         2374    .bss.minipc_instances  dev_minipc.o
    0x20002d50        -       0x00000030   Zero   RW         2323    .bss.motor_dji_instances  dev_motor_dji.o
    0x20002d80        -       0x00000004   Zero   RW           55    .bss.myTask01Handle  freertos.o
    0x20002d84        -       0x00000004   Zero   RW         2415    .bss.norm_aim_mode  gimbal_task.o
    0x20002d88        -       0x00000004   Zero   RW         2377    .bss.packet_pointer  dev_minipc.o
    0x20002d8c        -       0x00000004   Zero   RW         2407    .bss.pitch_angle    gimbal_task.o
    0x20002d90        -       0x00000078   Zero   RW         1956    .bss.prvCheckForValidListAndQueue.ucStaticTimerQueueStorage  timers.o
    0x20002e08        -       0x00000048   Zero   RW         1955    .bss.prvCheckForValidListAndQueue.xStaticTimerQueue  timers.o
    0x20002e50        -       0x00000004   Zero   RW         1952    .bss.prvSampleTimeNow.xLastTime  timers.o
    0x20002e54        -       0x00000004   Zero   RW         1887    .bss.pxCurrentTCB   tasks.o
    0x20002e58        -       0x00000004   Zero   RW         1950    .bss.pxCurrentTimerList  timers.o
    0x20002e5c        -       0x00000004   Zero   RW         1897    .bss.pxDelayedTaskList  tasks.o
    0x20002e60        -       0x00000004   Zero   RW         2096    .bss.pxEnd          heap_4.o
    0x20002e64        -       0x00000004   Zero   RW         1898    .bss.pxOverflowDelayedTaskList  tasks.o
    0x20002e68        -       0x00000004   Zero   RW         1951    .bss.pxOverflowTimerList  timers.o
    0x20002e6c        -       0x0000008c   Zero   RW         1888    .bss.pxReadyTasksLists  tasks.o
    0x20002ef8        -       0x00000004   Zero   RW         2410    .bss.rammer_angle   gimbal_task.o
    0x20002efc        -       0x00000004   Zero   RW         2435    .bss.rammer_motor   gimbal_fun.o
    0x20002f00        -       0x00000004   Zero   RW         2409    .bss.rammer_speed   gimbal_task.o
    0x20002f04        -       0x00000004   Zero   RW         2441    .bss.rc             gimbal_fun.o
    0x20002f08        -       0x00000004   Zero   RW         2414    .bss.shoot_mode     gimbal_task.o
    0x20002f0c        -       0x00000004   Zero   RW         2442    .bss.shoot_motor1   gimbal_fun.o
    0x20002f10        -       0x00000004   Zero   RW         2443    .bss.shoot_motor2   gimbal_fun.o
    0x20002f14        -       0x00000004   Zero   RW         2416    .bss.shoot_single_flag  gimbal_task.o
    0x20002f18        -       0x00000004   Zero   RW           54    .bss.testHandle     freertos.o
    0x20002f1c        -       0x00000004   Zero   RW         2676    .bss.twoKi          mahonyahrs.o
    0x20002f20        -       0x00000014   Zero   RW         2184    .bss.uart_instance  bsp_uart.o
    0x20002f34        -       0x00003c00   Zero   RW         2103    .bss.ucHeap         heap_4.o
    0x20006b34        -       0x00000001   Zero   RW         2138    .bss.ucMaxSysCallPriority  port.o
    0x20006b35   COMPRESSED   0x00000003   PAD
    0x20006b38        -       0x00000004   Zero   RW         2139    .bss.ulMaxPRIGROUPValue  port.o
    0x20006b3c        -       0x00000004   Zero   RW         2761    .bss.usb_rx_callback  usbd_cdc_if.o
    0x20006b40        -       0x00000026   Zero   RW         2373    .bss.usb_rx_ring_buffer  dev_minipc.o
    0x20006b66   COMPRESSED   0x00000002   PAD
    0x20006b68        -       0x00000004   Zero   RW         1126    .bss.uwTick         stm32f4xx_hal.o
    0x20006b6c        -       0x00000004   Zero   RW         1893    .bss.uxCurrentNumberOfTasks  tasks.o
    0x20006b70        -       0x00000004   Zero   RW         1892    .bss.uxDeletedTasksWaitingCleanUp  tasks.o
    0x20006b74        -       0x00000004   Zero   RW         1895    .bss.uxSchedulerSuspended  tasks.o
    0x20006b78        -       0x00000004   Zero   RW         1890    .bss.uxTaskNumber   tasks.o
    0x20006b7c        -       0x00000004   Zero   RW         1889    .bss.uxTopReadyPriority  tasks.o
    0x20006b80        -       0x00000014   Zero   RW         1953    .bss.xActiveTimerList1  timers.o
    0x20006b94        -       0x00000014   Zero   RW         1954    .bss.xActiveTimerList2  timers.o
    0x20006ba8        -       0x00000001   Zero   RW         2097    .bss.xBlockAllocatedBit  heap_4.o
    0x20006ba9   COMPRESSED   0x00000003   PAD
    0x20006bac        -       0x00000014   Zero   RW         1906    .bss.xDelayedTaskList1  tasks.o
    0x20006bc0        -       0x00000014   Zero   RW         1907    .bss.xDelayedTaskList2  tasks.o
    0x20006bd4        -       0x00000004   Zero   RW         2098    .bss.xFreeBytesRemaining  heap_4.o
    0x20006bd8        -       0x00000200   Zero   RW           50    .bss.xIdleStack     freertos.o
    0x20006dd8        -       0x00000004   Zero   RW         1901    .bss.xIdleTaskHandle  tasks.o
    0x20006ddc        -       0x00000054   Zero   RW           49    .bss.xIdleTaskTCBBuffer  freertos.o
    0x20006e30        -       0x00000004   Zero   RW         2100    .bss.xMinimumEverFreeBytesRemaining  heap_4.o
    0x20006e34        -       0x00000004   Zero   RW         1902    .bss.xNextTaskUnblockTime  tasks.o
    0x20006e38        -       0x00000004   Zero   RW         1905    .bss.xNumOfOverflows  tasks.o
    0x20006e3c        -       0x00000004   Zero   RW         2101    .bss.xNumberOfSuccessfulAllocations  heap_4.o
    0x20006e40        -       0x00000004   Zero   RW         2102    .bss.xNumberOfSuccessfulFrees  heap_4.o
    0x20006e44        -       0x00000004   Zero   RW         1904    .bss.xPendedTicks   tasks.o
    0x20006e48        -       0x00000014   Zero   RW         1900    .bss.xPendingReadyList  tasks.o
    0x20006e5c        -       0x00000040   Zero   RW         1728    .bss.xQueueRegistry  queue.o
    0x20006e9c        -       0x00000004   Zero   RW         1894    .bss.xSchedulerRunning  tasks.o
    0x20006ea0        -       0x00000008   Zero   RW         2099    .bss.xStart         heap_4.o
    0x20006ea8        -       0x00000014   Zero   RW         1899    .bss.xSuspendedTaskList  tasks.o
    0x20006ebc        -       0x00000014   Zero   RW         1891    .bss.xTasksWaitingTermination  tasks.o
    0x20006ed0        -       0x00000004   Zero   RW         1896    .bss.xTickCount     tasks.o
    0x20006ed4        -       0x00000004   Zero   RW         1948    .bss.xTimerQueue    timers.o
    0x20006ed8        -       0x00000400   Zero   RW           52    .bss.xTimerStack    freertos.o
    0x200072d8        -       0x00000004   Zero   RW         1949    .bss.xTimerTaskHandle  timers.o
    0x200072dc        -       0x00000054   Zero   RW           51    .bss.xTimerTaskTCBBuffer  freertos.o
    0x20007330        -       0x00000004   Zero   RW         1903    .bss.xYieldPending  tasks.o
    0x20007334        -       0x00000004   Zero   RW         2408    .bss.yaw_angle      gimbal_task.o
    0x20007338        -       0x00000004   Zero   RW         2433    .bss.yaw_motor      gimbal_fun.o
    0x2000733c        -       0x00000004   Zero   RW         2602    .bss.yaw_offset     imu_task.o
    0x20007340        -       0x00000400   Zero   RW            1    STACK               startup_stm32f407xx.o


    Execution Region RW_IRAM2 (Exec base: 0x2001c000, Load base: 0x0800eff0, Size: 0x00000000, Max: 0x00004000, ABSOLUTE)

    **** No section assigned to this execution region ****


==============================================================================

Image component sizes


      Code (inc. data)   RO Data    RW Data    ZI Data      Debug   Object Name

       620          4          0          0          0       3077   alg_pid.o
      2196          4         54          8          0       8654   bmi088driver.o
       120          0          0          0          0       3259   bmi088middleware.o
      2224        188        829          0        139       9022   bsp_can.o
        14          0          0          0          0        583   bsp_imu_pwm.o
      3128          0          0          0          0       2963   bsp_spi.o
       342          0          0          0         21       5976   bsp_uart.o
       424          0          0          0         84       6894   can.o
       120          0          0          0          0      24089   cmsis_os.o
      1590        352        182          1        108      11280   dev_minipc.o
       546          0          0          0         49       7583   dev_motor_dji.o
       398          0          0          0          0       5487   dev_remote_control.o
       988         44          0         32          0      10073   dm_4310.o
       172          0          0          0          0       3540   dma.o
       290         84         18          0       1716       4003   freertos.o
       392          4         51        719         56      16090   gimbal_fun.o
      1984        112          6          4         32       3102   gimbal_task.o
       466          0          0          0          0       4254   gpio.o
       626          0          0          0      15389       5166   heap_4.o
       244          0          0          0         84       5324   i2c.o
      3012         76          0        133        310      11542   imu_task.o
       150          0          0          0          0       2242   list.o
       668          8          0          4         16       6258   mahonyahrs.o
       266          0          0          0          0       6363   main.o
       196          0          0          0          0       3027   pid.o
       896         16          0          4          5       4098   port.o
      1392          0          0          0         64      22397   queue.o
       486          0         26          0       1208      29349   segger_rtt.o
      1576         64          0          0          0       6366   segger_rtt_printf.o
       376          0          0          0        280       5331   spi.o
        36          8        392          0       1024        844   startup_stm32f407xx.o
       132          0          0          5          4       7322   stm32f4xx_hal.o
      1698          6          0          0          0      13513   stm32f4xx_hal_can.o
       152          0          0          0          0      10743   stm32f4xx_hal_cortex.o
      1034          4          8          0          0       9688   stm32f4xx_hal_dma.o
       436          0          0          0          0       5120   stm32f4xx_hal_gpio.o
       368          0          0          0          0      47613   stm32f4xx_hal_i2c.o
        66          0          0          0          0       3559   stm32f4xx_hal_msp.o
      2682          0          0          0          0      16222   stm32f4xx_hal_pcd.o
        88          0          0          0          0       4445   stm32f4xx_hal_pcd_ex.o
      1466          0          0          0          0       7317   stm32f4xx_hal_rcc.o
       998          0          0          0          0      23229   stm32f4xx_hal_spi.o
      1946          4          0          0          0      57692   stm32f4xx_hal_tim.o
       268          0          0          0          0      22070   stm32f4xx_hal_tim_ex.o
       180          0          0          0         72       7308   stm32f4xx_hal_timebase_tim.o
      2096          0          0          0          0      27105   stm32f4xx_hal_uart.o
       210          0          0          0          0      10842   stm32f4xx_it.o
      2698          0          0          0          0      27117   stm32f4xx_ll_usb.o
        18          0         24          4          0       2672   system_stm32f4xx.o
      4310          8          0          0        300      34758   tasks.o
      1290          0          0          0        288       9992   tim.o
      1156         26          0          0        252      15625   timers.o
       924          0          0          0        696       7939   usart.o
       114          0          0          0        732       3216   usb_device.o
      1194         12          0        133          0      11473   usbd_cdc.o
       174          0          0         20       4100       5237   usbd_cdc_if.o
       780          0          0          0       1796      18366   usbd_conf.o
       906          0          0          0          0      10771   usbd_core.o
      1478         24          0          0          1      10623   usbd_ctlreq.o
       332         72          0         76        512       3645   usbd_desc.o
       128          0          0          0          0       4741   usbd_ioreq.o

    ----------------------------------------------------------------------
     55672       1120       1622       1156      29368     678199   Object Totals
         0          0         32          0          0          0   (incl. Generated)
       412          0          0         13         30          0   (incl. Padding)

    ----------------------------------------------------------------------

      Code (inc. data)   RO Data    RW Data    ZI Data      Debug   Library Member Name

       300         42          0          0          0        176   asinf.o
       684         90          0          0          0        208   atan2f.o
       280         28          0          0          0        156   ceil.o
        38          0          0          0          0        116   fpclassifyf.o
        44         12          0          0          0        464   funder.o
       224         30          0          0          0        172   round.o
        62          0          0          0          0        136   sqrtf.o
        86          0          0          0          0          0   __dczerorl2.o
         0          0          0          0          0          0   entry.o
         0          0          0          0          0          0   entry10a.o
         0          0          0          0          0          0   entry11a.o
         8          4          0          0          0          0   entry2.o
         4          0          0          0          0          0   entry5.o
         0          0          0          0          0          0   entry7b.o
         0          0          0          0          0          0   entry8b.o
         8          4          0          0          0          0   entry9a.o
        12          6          0          4          0         68   errno.o
        30          0          0          0          0          0   handlers.o
        48         10          0          0          0         68   init.o
         0          0          0          0          0          0   iusefp.o
        30          0          0          0          0         68   llshl.o
        36          0          0          0          0         68   llsshr.o
        32          0          0          0          0         68   llushr.o
        36          0          0          0          0         68   memcpya.o
        36          0          0          0          0        108   memseta.o
        14          0          0          0          0         68   strlen.o
        98          0          0          0          0         92   uldiv.o
        48          0          0          0          0         68   cdcmple.o
        48          0          0          0          0         68   cdrcmple.o
        56          0          0          0          0         88   d2f.o
       334          0          0          0          0        148   dadd.o
        54          0          0          0          0         80   dcmpge.o
        54          0          0          0          0         80   dcmple.o
       222          0          0          0          0        100   ddiv.o
       186          0          0          0          0        176   depilogue.o
        34          0          0          0          0         76   dflti.o
       228          0          0          0          0         96   dmul.o
       136          4          0          0          0         92   drnd.o
        38          0          0          0          0         68   f2d.o
       110          0          0          0          0        168   fepilogue.o

    ----------------------------------------------------------------------
      3670        234          0          4          0       3412   Library Totals
        12          4          0          0          0          0   (incl. Padding)

    ----------------------------------------------------------------------

      Code (inc. data)   RO Data    RW Data    ZI Data      Debug   Library Name

      1632        202          0          0          0       1428   m_wm.l
       478         24          0          4          0        676   mc_w.l
      1548          4          0          0          0       1308   mf_w.l

    ----------------------------------------------------------------------
      3670        234          0          4          0       3412   Library Totals

    ----------------------------------------------------------------------

==============================================================================


      Code (inc. data)   RO Data    RW Data    ZI Data      Debug   

     59342       1354       1622       1160      29368     678827   Grand Totals
     59342       1354       1622        456      29368     678827   ELF Image Totals (compressed)
     59342       1354       1622        456          0          0   ROM Totals

==============================================================================

    Total RO  Size (Code + RO Data)                60964 (  59.54kB)
    Total RW  Size (RW Data + ZI Data)             30528 (  29.81kB)
    Total ROM Size (Code + RO Data + RW Data)      61420 (  59.98kB)

==============================================================================

