<html>
<body>
<pre>
<h1>µVision Build Log</h1>
<h2>Tool Versions:</h2>
IDE-Version: ¦ÌVision V5.41.0.0
Copyright (C) 2024 ARM Ltd and ARM Germany GmbH. All rights reserved.
License Information: 1 admin, 1, LIC=NQQMA-1MA8L-QDHKD-8HD5D-10VQT-NCN3K
 
Tool Versions:
Toolchain:       MDK-ARM Plus  Version: 5.41.0.0
Toolchain Path:  C:\Users\admin\AppData\Local\Keil_v5\ARM\ARMCLANG\Bin
C Compiler:      ArmClang.exe V6.22
Assembler:       Armasm.exe V6.22
Linker/Locator:  ArmLink.exe V6.22
Library Manager: ArmAr.exe V6.22
Hex Converter:   FromElf.exe V6.22
CPU DLL:         SARMCM3.DLL V5.41.0.0
Dialog DLL:      DCM.DLL V1.17.5.0
Target DLL:      Segger\JL2CM3.dll V2.99.45.0
Dialog DLL:      TCM.DLL V1.56.4.0
 
<h2>Project:</h2>
C:\Users\admin\Desktop\hero\Hero_gimbal\Gimbal\MDK-ARM\Gimbal.uvprojx
Project File Date:  10/18/2025

<h2>Output:</h2>
*** Using Compiler 'V6.22', folder: 'C:\Users\admin\AppData\Local\Keil_v5\ARM\ARMCLANG\Bin'
Build target 'Gimbal'
compiling gpio.c...
compiling can.c...
compiling stm32f4xx_hal_msp.c...
compiling dma.c...
compiling freertos.c...
compiling main.c...
compiling usart.c...
compiling stm32f4xx_hal_rcc_ex.c...
compiling stm32f4xx_hal_dma_ex.c...
compiling stm32f4xx_hal_tim_ex.c...
compiling i2c.c...
compiling stm32f4xx_hal_pcd_ex.c...
compiling stm32f4xx_hal_rcc.c...
compiling stm32f4xx_hal_flash_ex.c...
compiling stm32f4xx_hal_timebase_tim.c...
compiling stm32f4xx_it.c...
compiling stm32f4xx_hal_flash_ramfunc.c...
compiling stm32f4xx_hal_gpio.c...
compiling spi.c...
compiling stm32f4xx_hal_pwr.c...
compiling tim.c...
compiling stm32f4xx_hal_pwr_ex.c...
compiling stm32f4xx_hal_flash.c...
compiling stm32f4xx_hal_cortex.c...
compiling stm32f4xx_hal_dma.c...
compiling stm32f4xx_hal.c...
compiling stm32f4xx_hal_i2c_ex.c...
compiling stm32f4xx_hal_pcd.c...
compiling stm32f4xx_hal_exti.c...
compiling stm32f4xx_ll_usb.c...
compiling croutine.c...
compiling stm32f4xx_hal_can.c...
compiling system_stm32f4xx.c...
compiling event_groups.c...
compiling list.c...
compiling stm32f4xx_hal_tim.c...
compiling stm32f4xx_hal_spi.c...
compiling stream_buffer.c...
compiling stm32f4xx_hal_uart.c...
compiling heap_4.c...
compiling timers.c...
compiling queue.c...
compiling port.c...
compiling cmsis_os.c...
compiling bsp_fdcan.c...
compiling bsp_log.c...
compiling bsp_uart.c...
compiling tasks.c...
compiling dev_remote_control.c...
compiling bsp_can.c...
compiling SEGGER_RTT_printf.c...
compiling stm32f4xx_hal_i2c.c...
compiling dev_motor_dji.c...
compiling alg_pid.c...
compiling DM_4310.c...
compiling SEGGER_RTT.c...
compiling dev_minipc.c...
compiling Gimbal_Fun.c...
compiling BMI088Middleware.c...
compiling BMI088driver.c...
compiling Gimbal_task.c...
compiling bsp_imu_pwm.c...
compiling MahonyAHRS.c...
compiling ist8310driver.c...
compiling bsp_spi.c...
compiling ist8310driver_middleware.c...
compiling PID.c...
compiling usb_device.c...
compiling IMU_Task.c...
compiling usbd_desc.c...
compiling usbd_cdc_if.c...
compiling usbd_core.c...
compiling usbd_conf.c...
compiling usbd_ioreq.c...
compiling usbd_ctlreq.c...
compiling usbd_cdc.c...
linking...
Program Size: Code=59342 RO-data=1622 RW-data=1160 ZI-data=29368  
FromELF: creating hex file...
"Gimbal\Gimbal.axf" - 0 Error(s), 0 Warning(s).

<h2>Software Packages used:</h2>

Package Vendor: ARM
                https://www.keil.com/pack/ARM.CMSIS.6.1.0.pack
                ARM::CMSIS@6.1.0
                CMSIS (Common Microcontroller Software Interface Standard)
   * Component: CORE Version: 6.1.0

Package Vendor: Keil
                https://www.keil.com/pack/Keil.STM32F4xx_DFP.3.0.0.pack
                Keil::STM32F4xx_DFP@3.0.0
                STMicroelectronics STM32F4 Series Device Support

<h2>Collection of Component include folders:</h2>
  ./RTE/_Gimbal
  C:/Users/admin/AppData/Local/Arm/Packs/ARM/CMSIS/6.1.0/CMSIS/Core/Include

<h2>Collection of Component Files used:</h2>

   * Component: ARM::CMSIS:CORE@6.1.0
      Include file:  CMSIS/Core/Include/tz_context.h
Build Time Elapsed:  00:00:03
</pre>
</body>
</html>
